This is pdfTeX, Version 3.141592653-2.6-1.40.28 (TeX Live 2025) (preloaded format=pdflatex 2025.10.31)  17 SEP 2026 00:41
entering extended mode
 restricted \write18 enabled.
 %&-line parsing enabled.
**main.tex
(./main.tex
LaTeX2e <2025-06-01> patch level 1
L3 programming layer <2025-10-24>
(c:/texlive/2025/texmf-dist/tex/latex/base/book.cls
Document Class: book 2025/01/22 v1.4n Standard LaTeX document class
(c:/texlive/2025/texmf-dist/tex/latex/base/bk12.clo
File: bk12.clo 2025/01/22 v1.4n Standard LaTeX file (size option)
)
\c@part=\count275
\c@chapter=\count276
\c@section=\count277
\c@subsection=\count278
\c@subsubsection=\count279
\c@paragraph=\count280
\c@subparagraph=\count281
\c@figure=\count282
\c@table=\count283
\abovecaptionskip=\skip49
\belowcaptionskip=\skip50
\bibindent=\dimen148
) (./preambulo.tex
(c:/texlive/2025/texmf-dist/tex/latex/base/inputenc.sty
Package: inputenc 2024/02/08 v1.3d Input encoding file
\inpenc@prehook=\toks17
\inpenc@posthook=\toks18
)
(c:/texlive/2025/texmf-dist/tex/latex/base/fontenc.sty
Package: fontenc 2024/12/21 v2.1c Standard LaTeX package
)
(c:/texlive/2025/texmf-dist/tex/latex/float/float.sty
Package: float 2001/11/08 v1.3d Float enhancements (AL)
\c@float@type=\count284
\float@exts=\toks19
\float@box=\box53
\@float@everytoks=\toks20
\@floatcapt=\box54
)
(c:/texlive/2025/texmf-dist/tex/generic/babel/babel.sty
Package: babel 2025/10/22 v25.14 The multilingual framework for LuaLaTeX, pdfLa
TeX and XeLaTeX
\babel@savecnt=\count285
LaTeX Encoding Info:    Redeclaring text command \ij (encoding OT1) on input li
ne 2050.
LaTeX Encoding Info:    Redeclaring text command \IJ (encoding OT1) on input li
ne 2052.
LaTeX Encoding Info:    Redeclaring text command \ij (encoding T1) on input lin
e 2054.
LaTeX Encoding Info:    Redeclaring text command \IJ (encoding T1) on input lin
e 2055.
LaTeX Encoding Info:    Ignoring declaration for text command \ij (encoding ?) 
on input line 2056.
LaTeX Encoding Info:    Ignoring declaration for text command \IJ (encoding ?) 
on input line 2058.
LaTeX Encoding Info:    Ignoring declaration for text command \SS (encoding ?) 
on input line 2083.
\U@D=\dimen149
\l@unhyphenated=\language90

(c:/texlive/2025/texmf-dist/tex/generic/babel/txtbabel.def)
\bbl@readstream=\read2
\bbl@dirlevel=\count286

(c:/texlive/2025/texmf-dist/tex/generic/babel/locale/en/babel-english.tex)
(c:/texlive/2025/texmf-dist/tex/generic/babel/locale/es/babel-spanish.tex)
Package babel Info: Importing font and identification data for english
(babel)             from babel-en.ini. Reported on input line 4295.

(c:/texlive/2025/texmf-dist/tex/generic/babel-english/english.ldf
Language: english 2017/06/06 v3.3r English support from the babel system
Package babel Info: Hyphen rules for 'canadian' set to \l@english
(babel)             (\language0). Reported on input line 102.
Package babel Info: Hyphen rules for 'australian' set to \l@ukenglish
(babel)             (\language22). Reported on input line 105.
Package babel Info: Hyphen rules for 'newzealand' set to \l@ukenglish
(babel)             (\language22). Reported on input line 108.
)
Package babel Info: Importing font and identification data for spanish
(babel)             from babel-es.ini. Reported on input line 4295.

(c:/texlive/2025/texmf-dist/tex/generic/babel-spanish/spanish.ldf
Language: spanish.ldf 2021/05/27 v5.0q Spanish support from the babel system
\es@quottoks=\toks21
\es@quotdepth=\count287
Package babel Info: Making " an active character on input line 570.
Package babel Info: Making . an active character on input line 675.
Package babel Info: Making < an active character on input line 722.
Package babel Info: Making > an active character on input line 722.
))
LaTeX Encoding Info:    Redeclaring text command \guillemotleft (encoding OT1) 
on input line 22.
LaTeX Encoding Info:    Redeclaring text command \guillemotright (encoding OT1)
 on input line 22.

(c:/texlive/2025/texmf-dist/tex/latex/geometry/geometry.sty
Package: geometry 2020/01/02 v5.9 Page Geometry

(c:/texlive/2025/texmf-dist/tex/latex/graphics/keyval.sty
Package: keyval 2022/05/29 v1.15 key=value parser (DPC)
\KV@toks@=\toks22
)
(c:/texlive/2025/texmf-dist/tex/generic/iftex/ifvtex.sty
Package: ifvtex 2019/10/25 v1.7 ifvtex legacy package. Use iftex instead.

(c:/texlive/2025/texmf-dist/tex/generic/iftex/iftex.sty
Package: iftex 2024/12/12 v1.0g TeX engine tests
))
\Gm@cnth=\count288
\Gm@cntv=\count289
\c@Gm@tempcnt=\count290
\Gm@bindingoffset=\dimen150
\Gm@wd@mp=\dimen151
\Gm@odd@mp=\dimen152
\Gm@even@mp=\dimen153
\Gm@layoutwidth=\dimen154
\Gm@layoutheight=\dimen155
\Gm@layouthoffset=\dimen156
\Gm@layoutvoffset=\dimen157
\Gm@dimlist=\toks23
)
(c:/texlive/2025/texmf-dist/tex/latex/psnfss/mathptmx.sty
Package: mathptmx 2020/03/25 PSNFSS-v9.3 Times w/ Math, improved (SPQR, WaS) 
LaTeX Font Info:    Redeclaring symbol font `operators' on input line 28.
LaTeX Font Info:    Overwriting symbol font `operators' in version `normal'
(Font)                  OT1/cmr/m/n --> OT1/ztmcm/m/n on input line 28.
LaTeX Font Info:    Overwriting symbol font `operators' in version `bold'
(Font)                  OT1/cmr/bx/n --> OT1/ztmcm/m/n on input line 28.
LaTeX Font Info:    Redeclaring symbol font `letters' on input line 29.
LaTeX Font Info:    Overwriting symbol font `letters' in version `normal'
(Font)                  OML/cmm/m/it --> OML/ztmcm/m/it on input line 29.
LaTeX Font Info:    Overwriting symbol font `letters' in version `bold'
(Font)                  OML/cmm/b/it --> OML/ztmcm/m/it on input line 29.
LaTeX Font Info:    Redeclaring symbol font `symbols' on input line 30.
LaTeX Font Info:    Overwriting symbol font `symbols' in version `normal'
(Font)                  OMS/cmsy/m/n --> OMS/ztmcm/m/n on input line 30.
LaTeX Font Info:    Overwriting symbol font `symbols' in version `bold'
(Font)                  OMS/cmsy/b/n --> OMS/ztmcm/m/n on input line 30.
LaTeX Font Info:    Redeclaring symbol font `largesymbols' on input line 31.
LaTeX Font Info:    Overwriting symbol font `largesymbols' in version `normal'
(Font)                  OMX/cmex/m/n --> OMX/ztmcm/m/n on input line 31.
LaTeX Font Info:    Overwriting symbol font `largesymbols' in version `bold'
(Font)                  OMX/cmex/m/n --> OMX/ztmcm/m/n on input line 31.
\symbold=\mathgroup4
\symitalic=\mathgroup5
LaTeX Font Info:    Redeclaring math alphabet \mathbf on input line 34.
LaTeX Font Info:    Overwriting math alphabet `\mathbf' in version `normal'
(Font)                  OT1/cmr/bx/n --> OT1/ptm/bx/n on input line 34.
LaTeX Font Info:    Overwriting math alphabet `\mathbf' in version `bold'
(Font)                  OT1/cmr/bx/n --> OT1/ptm/bx/n on input line 34.
LaTeX Font Info:    Redeclaring math alphabet \mathit on input line 35.
LaTeX Font Info:    Overwriting math alphabet `\mathit' in version `normal'
(Font)                  OT1/cmr/m/it --> OT1/ptm/m/it on input line 35.
LaTeX Font Info:    Overwriting math alphabet `\mathit' in version `bold'
(Font)                  OT1/cmr/bx/it --> OT1/ptm/m/it on input line 35.
LaTeX Info: Redefining \hbar on input line 50.
)
(c:/texlive/2025/texmf-dist/tex/latex/gillius/gillius2.sty
Package: gillius2 2022/10/28 (Bob Tennent) Supports Gillius No.2 fonts for all 
LaTeX engines.

(c:/texlive/2025/texmf-dist/tex/generic/iftex/ifxetex.sty
Package: ifxetex 2019/10/25 v0.7 ifxetex legacy package. Use iftex instead.
)
(c:/texlive/2025/texmf-dist/tex/generic/iftex/ifluatex.sty
Package: ifluatex 2019/10/25 v1.5 ifluatex legacy package. Use iftex instead.
)
(c:/texlive/2025/texmf-dist/tex/latex/xkeyval/xkeyval.sty
Package: xkeyval 2022/06/16 v2.9 package option processing (HA)

(c:/texlive/2025/texmf-dist/tex/generic/xkeyval/xkeyval.tex
(c:/texlive/2025/texmf-dist/tex/generic/xkeyval/xkvutils.tex
\XKV@toks=\toks24
\XKV@tempa@toks=\toks25
)
\XKV@depth=\count291
File: xkeyval.tex 2014/12/03 v2.7a key=value parser (HA)
))
(c:/texlive/2025/texmf-dist/tex/latex/base/textcomp.sty
Package: textcomp 2024/04/24 v2.1b Standard LaTeX package
)
(c:/texlive/2025/texmf-dist/tex/latex/base/fontenc.sty
Package: fontenc 2024/12/21 v2.1c Standard LaTeX package
LaTeX Font Info:    Trying to load font information for T1+ptm on input line 11
6.

(c:/texlive/2025/texmf-dist/tex/latex/psnfss/t1ptm.fd
File: t1ptm.fd 2001/06/04 font definitions for T1/ptm.
))
(c:/texlive/2025/texmf-dist/tex/latex/fontaxes/fontaxes.sty
Package: fontaxes 2025-05-24 v2.0.1 Font selection axes (deprecated)

(c:/texlive/2025/texmf-dist/tex/latex/figureversions/figureversions.sty
Package: figureversions 2025-04-29 v1.0.1 Figure versions
)))
(c:/texlive/2025/texmf-dist/tex/latex/graphics/graphicx.sty
Package: graphicx 2024/12/31 v1.2e Enhanced LaTeX Graphics (DPC,SPQR)

(c:/texlive/2025/texmf-dist/tex/latex/graphics/graphics.sty
Package: graphics 2024/08/06 v1.4g Standard LaTeX Graphics (DPC,SPQR)

(c:/texlive/2025/texmf-dist/tex/latex/graphics/trig.sty
Package: trig 2023/12/02 v1.11 sin cos tan (DPC)
)
(c:/texlive/2025/texmf-dist/tex/latex/graphics-cfg/graphics.cfg
File: graphics.cfg 2016/06/04 v1.11 sample graphics configuration
)
Package graphics Info: Driver file: pdftex.def on input line 106.

(c:/texlive/2025/texmf-dist/tex/latex/graphics-def/pdftex.def
File: pdftex.def 2025/09/29 v1.2d Graphics/color driver for pdftex
))
\Gin@req@height=\dimen158
\Gin@req@width=\dimen159
)
(c:/texlive/2025/texmf-dist/tex/latex/svg/svg.sty
Package: svg 2020/11/26 v2.02k (include SVG pictures)

(c:/texlive/2025/texmf-dist/tex/latex/koma-script/scrbase.sty
Package: scrbase 2025/09/09 v3.48 KOMA-Script package (KOMA-Script-independent 
basics and keyval usage)

(c:/texlive/2025/texmf-dist/tex/latex/koma-script/scrlfile.sty
Package: scrlfile 2025/09/09 v3.48 KOMA-Script package (file load hooks)

(c:/texlive/2025/texmf-dist/tex/latex/koma-script/scrlfile-hook.sty
Package: scrlfile-hook 2025/09/09 v3.48 KOMA-Script package (using LaTeX hooks)


(c:/texlive/2025/texmf-dist/tex/latex/koma-script/scrlogo.sty
Package: scrlogo 2025/09/09 v3.48 KOMA-Script package (logo)
)))
Applying: [2021/05/01] Usage of raw or classic option list on input line 254.
Already applied: [0000/00/00] Usage of raw or classic option list on input line
 370.
)
(c:/texlive/2025/texmf-dist/tex/generic/pdftexcmds/pdftexcmds.sty
Package: pdftexcmds 2020-06-27 v0.33 Utility functions of pdfTeX for LuaTeX (HO
)

(c:/texlive/2025/texmf-dist/tex/generic/infwarerr/infwarerr.sty
Package: infwarerr 2019/12/03 v1.5 Providing info/warning/error messages (HO)
)
(c:/texlive/2025/texmf-dist/tex/generic/ltxcmds/ltxcmds.sty
Package: ltxcmds 2023-12-04 v1.26 LaTeX kernel commands for general use (HO)
)
Package pdftexcmds Info: \pdf@primitive is available.
Package pdftexcmds Info: \pdf@ifprimitive is available.
Package pdftexcmds Info: \pdfdraftmode found.
)
(c:/texlive/2025/texmf-dist/tex/latex/trimspaces/trimspaces.sty
Package: trimspaces 2009/09/17 v1.1 Trim spaces around a token list
)
(c:/texlive/2025/texmf-dist/tex/latex/tools/shellesc.sty
Package: shellesc 2023/07/08 v1.0d unified shell escape interface for LaTeX
Package shellesc Info: Restricted shell escape enabled on input line 77.
)
\c@svg@param@lastpage=\count292
\svg@box=\box55
\c@svg@param@currpage=\count293
)
(c:/texlive/2025/texmf-dist/tex/latex/xcolor/xcolor.sty
Package: xcolor 2024/09/29 v3.02 LaTeX color extensions (UK)

(c:/texlive/2025/texmf-dist/tex/latex/graphics-cfg/color.cfg
File: color.cfg 2016/01/02 v1.6 sample color configuration
)
Package xcolor Info: Driver file: pdftex.def on input line 274.

(c:/texlive/2025/texmf-dist/tex/latex/graphics/mathcolor.ltx)
Package xcolor Info: Model `cmy' substituted by `cmy0' on input line 1349.
Package xcolor Info: Model `hsb' substituted by `rgb' on input line 1353.
Package xcolor Info: Model `RGB' extended on input line 1365.
Package xcolor Info: Model `HTML' substituted by `rgb' on input line 1367.
Package xcolor Info: Model `Hsb' substituted by `hsb' on input line 1368.
Package xcolor Info: Model `tHsb' substituted by `hsb' on input line 1369.
Package xcolor Info: Model `HSB' substituted by `hsb' on input line 1370.
Package xcolor Info: Model `Gray' substituted by `gray' on input line 1371.
Package xcolor Info: Model `wave' substituted by `hsb' on input line 1372.
)
(c:/texlive/2025/texmf-dist/tex/latex/transparent/transparent.sty
Package: transparent 2025-06-23 v1.6 Transparency with color stacks

(c:/texlive/2025/texmf-dist/tex/latex/transparent/transparent-nometadata.sty
Package: transparent-nometadata 2025-06-23 v1.6 Transparency via pdfTeX's color
 stack (HO)

(c:/texlive/2025/texmf-dist/tex/latex/auxhook/auxhook.sty
Package: auxhook 2019-12-17 v1.6 Hooks for auxiliary files (HO)
)))
(c:/texlive/2025/texmf-dist/tex/latex/pgf/systemlayer/pgfsys.sty
(c:/texlive/2025/texmf-dist/tex/latex/pgf/utilities/pgfrcs.sty
(c:/texlive/2025/texmf-dist/tex/generic/pgf/utilities/pgfutil-common.tex
\pgfutil@everybye=\toks26
\pgfutil@tempdima=\dimen160
\pgfutil@tempdimb=\dimen161
)
(c:/texlive/2025/texmf-dist/tex/generic/pgf/utilities/pgfutil-latex.def
\pgfutil@abb=\box56
)
(c:/texlive/2025/texmf-dist/tex/generic/pgf/utilities/pgfrcs.code.tex
(c:/texlive/2025/texmf-dist/tex/generic/pgf/pgf.revision.tex)
Package: pgfrcs 2025-08-29 v3.1.11a (3.1.11a)
))
(c:/texlive/2025/texmf-dist/tex/generic/pgf/systemlayer/pgfsys.code.tex
Package: pgfsys 2025-08-29 v3.1.11a (3.1.11a)

(c:/texlive/2025/texmf-dist/tex/generic/pgf/utilities/pgfkeys.code.tex
\pgfkeys@pathtoks=\toks27
\pgfkeys@temptoks=\toks28

(c:/texlive/2025/texmf-dist/tex/generic/pgf/utilities/pgfkeyslibraryfiltered.co
de.tex
\pgfkeys@tmptoks=\toks29
))
\pgf@x=\dimen162
\pgf@y=\dimen163
\pgf@xa=\dimen164
\pgf@ya=\dimen165
\pgf@xb=\dimen166
\pgf@yb=\dimen167
\pgf@xc=\dimen168
\pgf@yc=\dimen169
\pgf@xd=\dimen170
\pgf@yd=\dimen171
\w@pgf@writea=\write3
\r@pgf@reada=\read3
\c@pgf@counta=\count294
\c@pgf@countb=\count295
\c@pgf@countc=\count296
\c@pgf@countd=\count297
\t@pgf@toka=\toks30
\t@pgf@tokb=\toks31
\t@pgf@tokc=\toks32
\pgf@sys@id@count=\count298
 (c:/texlive/2025/texmf-dist/tex/generic/pgf/systemlayer/pgf.cfg
File: pgf.cfg 2025-08-29 v3.1.11a (3.1.11a)
)
Driver file for pgf: pgfsys-pdftex.def

(c:/texlive/2025/texmf-dist/tex/generic/pgf/systemlayer/pgfsys-pdftex.def
File: pgfsys-pdftex.def 2025-08-29 v3.1.11a (3.1.11a)

(c:/texlive/2025/texmf-dist/tex/generic/pgf/systemlayer/pgfsys-common-pdf.def
File: pgfsys-common-pdf.def 2025-08-29 v3.1.11a (3.1.11a)
)))
(c:/texlive/2025/texmf-dist/tex/generic/pgf/systemlayer/pgfsyssoftpath.code.tex
File: pgfsyssoftpath.code.tex 2025-08-29 v3.1.11a (3.1.11a)
\pgfsyssoftpath@smallbuffer@items=\count299
\pgfsyssoftpath@bigbuffer@items=\count300
)
(c:/texlive/2025/texmf-dist/tex/generic/pgf/systemlayer/pgfsysprotocol.code.tex
File: pgfsysprotocol.code.tex 2025-08-29 v3.1.11a (3.1.11a)
)) (c:/texlive/2025/texmf-dist/tex/latex/caption/subcaption.sty
Package: subcaption 2023/07/28 v1.6b Sub-captions (AR)

(c:/texlive/2025/texmf-dist/tex/latex/caption/caption.sty
Package: caption 2023/08/05 v3.6o Customizing captions (AR)

(c:/texlive/2025/texmf-dist/tex/latex/caption/caption3.sty
Package: caption3 2023/07/31 v2.4d caption3 kernel (AR)
\caption@tempdima=\dimen172
\captionmargin=\dimen173
\caption@leftmargin=\dimen174
\caption@rightmargin=\dimen175
\caption@width=\dimen176
\caption@indent=\dimen177
\caption@parindent=\dimen178
\caption@hangindent=\dimen179
Package caption Info: Standard document class detected.
)
\c@caption@flags=\count301
\c@continuedfloat=\count302
Package caption Info: float package is loaded.
)
Package caption Info: New subtype `subfigure' on input line 238.
\c@subfigure=\count303
Package caption Info: New subtype `subtable' on input line 238.
\c@subtable=\count304
)
(c:/texlive/2025/texmf-dist/tex/latex/colortbl/colortbl.sty
Package: colortbl 2024/10/29 v1.0k Color table columns (DPC)

(c:/texlive/2025/texmf-dist/tex/latex/tools/array.sty
Package: array 2025/06/08 v2.6j Tabular extension package (FMi)
\col@sep=\dimen180
\ar@mcellbox=\box57
\extrarowheight=\dimen181
\NC@list=\toks33
\extratabsurround=\skip51
\backup@length=\skip52
\ar@cellbox=\box58
)
\everycr=\toks34
\minrowclearance=\skip53
\rownum=\count305
)
(c:/texlive/2025/texmf-dist/tex/latex/amsmath/amsmath.sty
Package: amsmath 2025/06/16 v2.17y AMS math features
\@mathmargin=\skip54

For additional information on amsmath, use the `?' option.
(c:/texlive/2025/texmf-dist/tex/latex/amsmath/amstext.sty
Package: amstext 2024/11/17 v2.01 AMS text

(c:/texlive/2025/texmf-dist/tex/latex/amsmath/amsgen.sty
File: amsgen.sty 1999/11/30 v2.0 generic functions
\@emptytoks=\toks35
\ex@=\dimen182
))
(c:/texlive/2025/texmf-dist/tex/latex/amsmath/amsbsy.sty
Package: amsbsy 1999/11/29 v1.2d Bold Symbols
\pmbraise@=\dimen183
)
(c:/texlive/2025/texmf-dist/tex/latex/amsmath/amsopn.sty
Package: amsopn 2022/04/08 v2.04 operator names
)
\inf@bad=\count306
LaTeX Info: Redefining \frac on input line 233.
\uproot@=\count307
\leftroot@=\count308
LaTeX Info: Redefining \overline on input line 398.
LaTeX Info: Redefining \colon on input line 409.
\classnum@=\count309
\DOTSCASE@=\count310
LaTeX Info: Redefining \ldots on input line 495.
LaTeX Info: Redefining \dots on input line 498.
LaTeX Info: Redefining \cdots on input line 619.
\Mathstrutbox@=\box59
\strutbox@=\box60
LaTeX Info: Redefining \big on input line 721.
LaTeX Info: Redefining \Big on input line 722.
LaTeX Info: Redefining \bigg on input line 723.
LaTeX Info: Redefining \Bigg on input line 724.
\big@size=\dimen184
LaTeX Font Info:    Redeclaring font encoding OML on input line 742.
LaTeX Font Info:    Redeclaring font encoding OMS on input line 743.
\macc@depth=\count311
LaTeX Info: Redefining \bmod on input line 904.
LaTeX Info: Redefining \pmod on input line 909.
LaTeX Info: Redefining \smash on input line 939.
LaTeX Info: Redefining \relbar on input line 969.
LaTeX Info: Redefining \Relbar on input line 970.
\c@MaxMatrixCols=\count312
\dotsspace@=\muskip17
\c@parentequation=\count313
\dspbrk@lvl=\count314
\tag@help=\toks36
\row@=\count315
\column@=\count316
\maxfields@=\count317
\andhelp@=\toks37
\eqnshift@=\dimen185
\alignsep@=\dimen186
\tagshift@=\dimen187
\tagwidth@=\dimen188
\totwidth@=\dimen189
\lineht@=\dimen190
\@envbody=\toks38
\multlinegap=\skip55
\multlinetaggap=\skip56
\mathdisplay@stack=\toks39
LaTeX Info: Redefining \[ on input line 2949.
LaTeX Info: Redefining \] on input line 2950.
)
(c:/texlive/2025/texmf-dist/tex/latex/amsfonts/amssymb.sty
Package: amssymb 2013/01/14 v3.01 AMS font symbols

(c:/texlive/2025/texmf-dist/tex/latex/amsfonts/amsfonts.sty
Package: amsfonts 2013/01/14 v3.01 Basic AMSFonts support
\symAMSa=\mathgroup6
\symAMSb=\mathgroup7
LaTeX Font Info:    Overwriting math alphabet `\mathfrak' in version `bold'
(Font)                  U/euf/m/n --> U/euf/b/n on input line 106.
))
(c:/texlive/2025/texmf-dist/tex/latex/algorithm2e/algorithm2e.sty
Package: algorithm2e 2017/07/18 v5.2 algorithms environments
\c@AlgoLine=\count318

(c:/texlive/2025/texmf-dist/tex/latex/base/ifthen.sty
Package: ifthen 2024/03/16 v1.1e Standard LaTeX ifthen package (DPC)
)
\algocf@hangindent=\skip57

(c:/texlive/2025/texmf-dist/tex/latex/ifoddpage/ifoddpage.sty
Package: ifoddpage 2022/10/18 v1.2 Conditionals for odd/even page detection
\c@checkoddpage=\count319
)
(c:/texlive/2025/texmf-dist/tex/latex/tools/xspace.sty
Package: xspace 2014/10/28 v1.13 Space after command names (DPC,MH)
)
(c:/texlive/2025/texmf-dist/tex/latex/relsize/relsize.sty
Package: relsize 2013/03/29 ver 4.1
)
\skiptotal=\skip58
\skiplinenumber=\skip59
\skiprule=\skip60
\skiphlne=\skip61
\skiptext=\skip62
\skiplength=\skip63
\algomargin=\skip64
\skipalgocfslide=\skip65
\algowidth=\dimen191
\inoutsize=\dimen192
\inoutindent=\dimen193
\interspacetitleruled=\dimen194
\interspacealgoruled=\dimen195
\interspacetitleboxruled=\dimen196
\algocf@ruledwidth=\skip66
\algocf@inoutbox=\box61
\algocf@inputbox=\box62
\AlCapSkip=\skip67
\AlCapHSkip=\skip68
\algoskipindent=\skip69
\algocf@nlbox=\box63
\algocf@hangingbox=\box64
\algocf@untilbox=\box65
\algocf@skipuntil=\skip70
\algocf@capbox=\box66
\algocf@lcaptionbox=\skip71
\algoheightruledefault=\skip72
\algoheightrule=\skip73
\algotitleheightruledefault=\skip74
\algotitleheightrule=\skip75
\c@algocfline=\count320
\c@algocfproc=\count321
\c@algocf=\count322
\algocf@algoframe=\box67
\algocf@algobox=\box68
)
(c:/texlive/2025/texmf-dist/tex/latex/natbib/natbib.sty
Package: natbib 2010/09/13 8.31b (PWD, AO)
\bibhang=\skip76
\bibsep=\skip77
LaTeX Info: Redefining \cite on input line 694.
\c@NAT@ctr=\count323
)
(c:/texlive/2025/texmf-dist/tex/latex/hyperref/hyperref.sty
Package: hyperref 2025-07-12 v7.01o Hypertext links for LaTeX

(c:/texlive/2025/texmf-dist/tex/latex/kvsetkeys/kvsetkeys.sty
Package: kvsetkeys 2022-10-05 v1.19 Key value parser (HO)
)
(c:/texlive/2025/texmf-dist/tex/generic/kvdefinekeys/kvdefinekeys.sty
Package: kvdefinekeys 2019-12-19 v1.6 Define keys (HO)
)
(c:/texlive/2025/texmf-dist/tex/generic/pdfescape/pdfescape.sty
Package: pdfescape 2019/12/09 v1.15 Implements pdfTeX's escape features (HO)
)
(c:/texlive/2025/texmf-dist/tex/latex/hycolor/hycolor.sty
Package: hycolor 2020-01-27 v1.10 Color options for hyperref/bookmark (HO)
)
(c:/texlive/2025/texmf-dist/tex/latex/hyperref/nameref.sty
Package: nameref 2025-06-21 v2.57 Cross-referencing by name of section

(c:/texlive/2025/texmf-dist/tex/latex/refcount/refcount.sty
Package: refcount 2019/12/15 v3.6 Data extraction from label references (HO)
)
(c:/texlive/2025/texmf-dist/tex/generic/gettitlestring/gettitlestring.sty
Package: gettitlestring 2019/12/15 v1.6 Cleanup title references (HO)

(c:/texlive/2025/texmf-dist/tex/latex/kvoptions/kvoptions.sty
Package: kvoptions 2022-06-15 v3.15 Key value format for package options (HO)
))
\c@section@level=\count324
)
(c:/texlive/2025/texmf-dist/tex/latex/etoolbox/etoolbox.sty
Package: etoolbox 2025/10/02 v2.5m e-TeX tools for LaTeX (JAW)
\etb@tempcnta=\count325
)
(c:/texlive/2025/texmf-dist/tex/generic/stringenc/stringenc.sty
Package: stringenc 2019/11/29 v1.12 Convert strings between diff. encodings (HO
)
)
\@linkdim=\dimen197
\Hy@linkcounter=\count326
\Hy@pagecounter=\count327

(c:/texlive/2025/texmf-dist/tex/latex/hyperref/pd1enc.def
File: pd1enc.def 2025-07-12 v7.01o Hyperref: PDFDocEncoding definition (HO)
Now handling font encoding PD1 ...
... no UTF-8 mapping file for font encoding PD1
)
(c:/texlive/2025/texmf-dist/tex/generic/intcalc/intcalc.sty
Package: intcalc 2019/12/15 v1.3 Expandable calculations with integers (HO)
)
\Hy@SavedSpaceFactor=\count328

(c:/texlive/2025/texmf-dist/tex/latex/hyperref/puenc.def
File: puenc.def 2025-07-12 v7.01o Hyperref: PDF Unicode definition (HO)
Now handling font encoding PU ...
... no UTF-8 mapping file for font encoding PU
)
Package hyperref Info: Hyper figures OFF on input line 4195.
Package hyperref Info: Link nesting OFF on input line 4200.
Package hyperref Info: Hyper index ON on input line 4203.
Package hyperref Info: Plain pages OFF on input line 4210.
Package hyperref Info: Backreferencing OFF on input line 4215.
Package hyperref Info: Implicit mode ON; LaTeX internals redefined.
Package hyperref Info: Bookmarks ON on input line 4462.
\c@Hy@tempcnt=\count329

(c:/texlive/2025/texmf-dist/tex/latex/url/url.sty
\Urlmuskip=\muskip18
Package: url 2013/09/16  ver 3.4  Verb mode for urls, etc.
)
LaTeX Info: Redefining \url on input line 4801.
\XeTeXLinkMargin=\dimen198

(c:/texlive/2025/texmf-dist/tex/generic/bitset/bitset.sty
Package: bitset 2019/12/09 v1.3 Handle bit-vector datatype (HO)

(c:/texlive/2025/texmf-dist/tex/generic/bigintcalc/bigintcalc.sty
Package: bigintcalc 2019/12/15 v1.5 Expandable calculations on big integers (HO
)
))
\Fld@menulength=\count330
\Field@Width=\dimen199
\Fld@charsize=\dimen256
Package hyperref Info: Hyper figures OFF on input line 6078.
Package hyperref Info: Link nesting OFF on input line 6083.
Package hyperref Info: Hyper index ON on input line 6086.
Package hyperref Info: backreferencing OFF on input line 6093.
Package hyperref Info: Link coloring OFF on input line 6098.
Package hyperref Info: Link coloring with OCG OFF on input line 6103.
Package hyperref Info: PDF/A mode OFF on input line 6108.
\Hy@abspage=\count331
\c@Item=\count332
\c@Hfootnote=\count333
)
Package hyperref Info: Driver (autodetected): hpdftex.

(c:/texlive/2025/texmf-dist/tex/latex/hyperref/hpdftex.def
File: hpdftex.def 2025-07-12 v7.01o Hyperref driver for pdfTeX
\Fld@listcount=\count334
\c@bookmark@seq@number=\count335

(c:/texlive/2025/texmf-dist/tex/latex/rerunfilecheck/rerunfilecheck.sty
Package: rerunfilecheck 2025-06-21 v1.11 Rerun checks for auxiliary files (HO)

(c:/texlive/2025/texmf-dist/tex/generic/uniquecounter/uniquecounter.sty
Package: uniquecounter 2019/12/15 v1.4 Provide unlimited unique counter (HO)
)
Package uniquecounter Info: New unique counter `rerunfilecheck' on input line 2
84.
)
\Hy@SectionHShift=\skip78
)
Package hyperref Info: Option `colorlinks' set `true' on input line 85.
)
(c:/texlive/2025/texmf-dist/tex/latex/l3backend/l3backend-pdftex.def
File: l3backend-pdftex.def 2025-10-09 L3 backend support: PDF output (pdfTeX)
\l__color_backend_stack_int=\count336
)
(./main.aux
LaTeX Info: Redefining \. on input line 14.
LaTeX Info: Redefining \% on input line 14.
Package babel Info: 'spanish' activates 'spanish' shorthands.
(babel)             Reported on input line 14.
LaTeX Info: Redefining \. on input line 15.
LaTeX Info: Redefining \% on input line 15.
LaTeX Info: Redefining \. on input line 16.
LaTeX Info: Redefining \% on input line 16.
 (./capitulos/01_introduccion.aux) (./capitulos/02_marco_teorico.aux) (./capitu
los/03_estado_arte.aux) (./capitulos/04_metodologia.aux)
(./capitulos/05_resultados.aux) (./capitulos/06_discusion.aux)
(./capitulos/07_conclusiones.aux))
\openout1 = `main.aux'.

LaTeX Font Info:    Checking defaults for OML/cmm/m/it on input line 11.
LaTeX Font Info:    ... okay on input line 11.
LaTeX Font Info:    Checking defaults for OMS/cmsy/m/n on input line 11.
LaTeX Font Info:    ... okay on input line 11.
LaTeX Font Info:    Checking defaults for OT1/cmr/m/n on input line 11.
LaTeX Font Info:    ... okay on input line 11.
LaTeX Font Info:    Checking defaults for T1/cmr/m/n on input line 11.
LaTeX Font Info:    ... okay on input line 11.
LaTeX Font Info:    Checking defaults for TS1/cmr/m/n on input line 11.
LaTeX Font Info:    ... okay on input line 11.
LaTeX Font Info:    Checking defaults for OMX/cmex/m/n on input line 11.
LaTeX Font Info:    ... okay on input line 11.
LaTeX Font Info:    Checking defaults for U/cmr/m/n on input line 11.
LaTeX Font Info:    ... okay on input line 11.
LaTeX Font Info:    Checking defaults for PD1/pdf/m/n on input line 11.
LaTeX Font Info:    ... okay on input line 11.
LaTeX Font Info:    Checking defaults for PU/pdf/m/n on input line 11.
LaTeX Font Info:    ... okay on input line 11.
LaTeX Info: Redefining \. on input line 11.
LaTeX Info: Redefining \% on input line 11.

*geometry* driver: auto-detecting
*geometry* detected driver: pdftex
*geometry* verbose mode - [ preamble ] result:
* driver: pdftex
* paper: a4paper
* layout: <same size as paper>
* layoutoffset:(h,v)=(0.0pt,0.0pt)
* modes: twoside 
* h-part:(L,W,R)=(71.13188pt, 455.24411pt, 71.13188pt)
* v-part:(T,H,B)=(71.13188pt, 702.78308pt, 71.13188pt)
* \paperwidth=597.50787pt
* \paperheight=845.04684pt
* \textwidth=455.24411pt
* \textheight=702.78308pt
* \oddsidemargin=-1.1381pt
* \evensidemargin=-1.1381pt
* \topmargin=-33.0119pt
* \headheight=12.0pt
* \headsep=19.8738pt
* \topskip=12.0pt
* \footskip=30.0pt
* \marginparwidth=88.0pt
* \marginparsep=7.0pt
* \columnsep=10.0pt
* \skip\footins=10.8pt plus 4.0pt minus 2.0pt
* \hoffset=0.0pt
* \voffset=0.0pt
* \mag=1000
* \@twocolumnfalse
* \@twosidetrue
* \@mparswitchtrue
* \@reversemarginfalse
* (1in=72.27pt=25.4mm, 1cm=28.453pt)

\c@mv@tabular=\count337
\c@mv@boldtabular=\count338
(c:/texlive/2025/texmf-dist/tex/context/base/mkii/supp-pdf.mkii
[Loading MPS to PDF converter (version 2006.09.02).]
\scratchcounter=\count339
\scratchdimen=\dimen257
\scratchbox=\box69
\nofMPsegments=\count340
\nofMParguments=\count341
\everyMPshowfont=\toks40
\MPscratchCnt=\count342
\MPscratchDim=\dimen258
\MPnumerator=\count343
\makeMPintoPDFobject=\count344
\everyMPtoPDFconversion=\toks41
) (c:/texlive/2025/texmf-dist/tex/latex/epstopdf-pkg/epstopdf-base.sty
Package: epstopdf-base 2020-01-24 v2.11 Base part for package epstopdf
Package epstopdf-base Info: Redefining graphics rule for `.eps' on input line 4
85.

(c:/texlive/2025/texmf-dist/tex/latex/latexconfig/epstopdf-sys.cfg
File: epstopdf-sys.cfg 2010/07/13 v1.3 Configuration of (r)epstopdf for TeX Liv
e
))
Package caption Info: Begin \AtBeginDocument code.
Package caption Info: hyperref package is loaded.
Package caption Info: End \AtBeginDocument code.
Package hyperref Info: Link coloring ON on input line 11.

(./main.out) (./main.out)
\@outlinefile=\write4
\openout4 = `main.out'.

 (./portada.tex
LaTeX Info: Redefining \. on input line 8.
LaTeX Info: Redefining \% on input line 8.
LaTeX Font Info:    Trying to load font information for T1+GilliusADFNoTwo-LF o
n input line 9.

(c:/texlive/2025/texmf-dist/tex/latex/gillius/T1GilliusADFNoTwo-LF.fd
File: T1GilliusADFNoTwo-LF.fd 2013/11/03 (autoinst) Font definitions for T1/Gil
liusADFNoTwo-LF.
)
LaTeX Font Info:    Font shape `T1/GilliusADFNoTwo-LF/m/n' will be
(Font)              scaled to size 12.0pt on input line 9.
<figuras/logouv.png, id=372, 328.3467pt x 284.7438pt>
File: figuras/logouv.png Graphic file (type png)
<use figuras/logouv.png>
Package pdftex.def Info: figuras/logouv.png  used on input line 13.
(pdftex.def)             Requested size: 91.04872pt x 78.95433pt.
LaTeX Font Info:    Font shape `T1/GilliusADFNoTwo-LF/m/n' will be
(Font)              scaled to size 14.4pt on input line 16.
LaTeX Font Info:    Font shape `T1/GilliusADFNoTwo-LF/m/n' will be
(Font)              scaled to size 20.74pt on input line 19.
LaTeX Font Info:    Font shape `T1/GilliusADFNoTwo-LF/b/n' will be
(Font)              scaled to size 20.74pt on input line 19.
LaTeX Font Info:    Font shape `T1/GilliusADFNoTwo-LF/b/n' will be
(Font)              scaled to size 12.0pt on input line 26.
LaTeX Font Info:    Trying to load font information for OT1+ztmcm on input line
 39.

(c:/texlive/2025/texmf-dist/tex/latex/psnfss/ot1ztmcm.fd
File: ot1ztmcm.fd 2000/01/03 Fontinst v1.801 font definitions for OT1/ztmcm.
)
LaTeX Font Info:    Trying to load font information for OML+ztmcm on input line
 39.

(c:/texlive/2025/texmf-dist/tex/latex/psnfss/omlztmcm.fd
File: omlztmcm.fd 2000/01/03 Fontinst v1.801 font definitions for OML/ztmcm.
)
LaTeX Font Info:    Trying to load font information for OMS+ztmcm on input line
 39.

(c:/texlive/2025/texmf-dist/tex/latex/psnfss/omsztmcm.fd
File: omsztmcm.fd 2000/01/03 Fontinst v1.801 font definitions for OMS/ztmcm.
)
LaTeX Font Info:    Trying to load font information for OMX+ztmcm on input line
 39.

(c:/texlive/2025/texmf-dist/tex/latex/psnfss/omxztmcm.fd
File: omxztmcm.fd 2000/01/03 Fontinst v1.801 font definitions for OMX/ztmcm.
)
LaTeX Font Info:    Trying to load font information for OT1+ptm on input line 3
9.

(c:/texlive/2025/texmf-dist/tex/latex/psnfss/ot1ptm.fd
File: ot1ptm.fd 2001/06/04 font definitions for OT1/ptm.
)
LaTeX Font Info:    Font shape `OT1/ptm/bx/n' in size <12> not available
(Font)              Font shape `OT1/ptm/b/n' tried instead on input line 39.
LaTeX Font Info:    Font shape `OT1/ptm/bx/n' in size <9> not available
(Font)              Font shape `OT1/ptm/b/n' tried instead on input line 39.
LaTeX Font Info:    Font shape `OT1/ptm/bx/n' in size <7> not available
(Font)              Font shape `OT1/ptm/b/n' tried instead on input line 39.


[1


{c:/texlive/2025/texmf-var/fonts/map/pdftex/updmap/pdftex.map}{c:/texlive/2025/
texmf-dist/fonts/enc/dvips/gillius/gls_4bsedw.enc} <./figuras/logouv.png>]
LaTeX Info: Redefining \. on input line 44.
LaTeX Info: Redefining \% on input line 44.
)

[2{c:/texlive/2025/texmf-dist/fonts/enc/dvips/base/8r.enc}

] (./main.toc
LaTeX Info: Redefining \. on input line 1.
LaTeX Info: Redefining \% on input line 1.
LaTeX Info: Redefining \. on input line 2.
LaTeX Info: Redefining \% on input line 2.
LaTeX Info: Redefining \. on input line 3.
LaTeX Info: Redefining \% on input line 3.


[1

]

LaTeX Info: Redefining \. on input line 92.
LaTeX Info: Redefining \% on input line 92.
Package babel Info: 'spanish' activates 'spanish' shorthands.
(babel)             Reported on input line 92.
[2])
\tf@toc=\write5
\openout5 = `main.toc'.



LaTeX Info: Redefining \. on input line 21.
LaTeX Info: Redefining \% on input line 21.
[3]

LaTeX Info: Redefining \. on input line 21.
LaTeX Info: Redefining \% on input line 21.
[4

]
\openout2 = `capitulos/01_introduccion.aux'.

 (./capitulos/01_introduccion.tex
Cap\'{\i }tulo 1.
<figuras/D1.png, id=505, 698.172pt x 379.308pt>
File: figuras/D1.png Graphic file (type png)
<use figuras/D1.png>
Package pdftex.def Info: figuras/D1.png  used on input line 20.
(pdftex.def)             Requested size: 318.66948pt x 173.12946pt.



pdfTeX warning (ext4): destination with the same identifier (name{page.1}) has 
been already used, duplicate ignored
<to be read again> 
                   \relax 
l.26 
      [1


 <./figuras/D1.png>]

LaTeX Info: Redefining \. on input line 44.
LaTeX Info: Redefining \% on input line 44.

pdfTeX warning (ext4): destination with the same identifier (name{page.2}) has 
been already used, duplicate ignored
<to be read again> 
                   \relax 
l.44 
      [2]

LaTeX Info: Redefining \. on input line 78.
LaTeX Info: Redefining \% on input line 78.
[3]

LaTeX Info: Redefining \. on input line 113.
LaTeX Info: Redefining \% on input line 113.
[4]

LaTeX Info: Redefining \. on input line 146.
LaTeX Info: Redefining \% on input line 146.
[5])

LaTeX Info: Redefining \. on input line 23.
LaTeX Info: Redefining \% on input line 23.
[6]
\openout2 = `capitulos/02_marco_teorico.aux'.

 (./capitulos/02_marco_teorico.tex
Cap\'{\i }tulo 2.


[7




]
<figuras/MT1.png, id=585, 1011.78pt x 433.62pt>
File: figuras/MT1.png Graphic file (type png)
<use figuras/MT1.png>
Package pdftex.def Info: figuras/MT1.png  used on input line 58.
(pdftex.def)             Requested size: 455.24411pt x 195.10735pt.


LaTeX Info: Redefining \. on input line 67.
LaTeX Info: Redefining \% on input line 67.
[8 <./figuras/MT1.png>]

LaTeX Info: Redefining \. on input line 94.
LaTeX Info: Redefining \% on input line 94.
[9]

LaTeX Info: Redefining \. on input line 135.
LaTeX Info: Redefining \% on input line 135.
[10]

LaTeX Info: Redefining \. on input line 164.
LaTeX Info: Redefining \% on input line 164.
[11]

LaTeX Info: Redefining \. on input line 203.
LaTeX Info: Redefining \% on input line 203.
[12]

LaTeX Info: Redefining \. on input line 228.
LaTeX Info: Redefining \% on input line 228.
[13]
<figuras/MC2.png, id=682, 296.307pt x 177.66376pt>
File: figuras/MC2.png Graphic file (type png)
<use figuras/MC2.png>
Package pdftex.def Info: figuras/MC2.png  used on input line 250.
(pdftex.def)             Requested size: 273.14923pt x 163.79149pt.


LaTeX Info: Redefining \. on input line 262.
LaTeX Info: Redefining \% on input line 262.
[14 <./figuras/MC2.png>]
<figuras/MC3.png, id=698, 259.8435pt x 194.8005pt>
File: figuras/MC3.png Graphic file (type png)
<use figuras/MC3.png>
Package pdftex.def Info: figuras/MC3.png  used on input line 284.
(pdftex.def)             Requested size: 273.14923pt x 204.79921pt.


LaTeX Info: Redefining \. on input line 294.
LaTeX Info: Redefining \% on input line 294.
[15 <./figuras/MC3.png>]
Overfull \hbox (1.00989pt too wide) in paragraph at lines 308--309
[]\T1/ptm/m/n/12 A mo-do de ejem-plo, un cro-mo-so-ma de cin-co di-men-sio-nes 
es-truc-tu-ra-do co-mo $\OML/ztmcm/m/it/12 z \OT1/ztmcm/m/n/12 = [1\OML/ztmcm/m
/it/12 ; \OT1/ztmcm/m/n/12 0\OML/ztmcm/m/it/12 ; \OT1/ztmcm/m/n/12 1\OML/ztmcm/
m/it/12 ; \OT1/ztmcm/m/n/12 0\OML/ztmcm/m/it/12 ; \OT1/ztmcm/m/n/12 1]$
 []



LaTeX Info: Redefining \. on input line 313.
LaTeX Info: Redefining \% on input line 313.
[16]
<figuras/MT2.png, id=720, 982.42032pt x 601.4972pt>
File: figuras/MT2.png Graphic file (type png)
<use figuras/MT2.png>
Package pdftex.def Info: figuras/MT2.png  used on input line 329.
(pdftex.def)             Requested size: 227.62206pt x 139.36021pt.


LaTeX Info: Redefining \. on input line 340.
LaTeX Info: Redefining \% on input line 340.
[17 <./figuras/MT2.png>]

LaTeX Info: Redefining \. on input line 367.
LaTeX Info: Redefining \% on input line 367.
[18]

LaTeX Info: Redefining \. on input line 409.
LaTeX Info: Redefining \% on input line 409.
[19]

LaTeX Info: Redefining \. on input line 428.
LaTeX Info: Redefining \% on input line 428.
[20])

LaTeX Info: Redefining \. on input line 24.
LaTeX Info: Redefining \% on input line 24.
[21]
\openout2 = `capitulos/03_estado_arte.aux'.

 (./capitulos/03_estado_arte.tex

LaTeX Info: Redefining \. on input line 8.
LaTeX Info: Redefining \% on input line 8.
[22




]
Cap\'{\i }tulo 3.

Underfull \vbox (badness 10000) has occurred while \output is active []



[23]
Underfull \vbox (badness 10000) has occurred while \output is active []



LaTeX Info: Redefining \. on input line 45.
LaTeX Info: Redefining \% on input line 45.
[24]

LaTeX Info: Redefining \. on input line 62.
LaTeX Info: Redefining \% on input line 62.
[25]

LaTeX Info: Redefining \. on input line 79.
LaTeX Info: Redefining \% on input line 79.
[26]

LaTeX Info: Redefining \. on input line 99.
LaTeX Info: Redefining \% on input line 99.
[27]
Overfull \hbox (5.07971pt too wide) in paragraph at lines 107--108
[]\T1/ptm/m/n/12 Frente a es-tas li-mi-ta-cio-nes, el Aná-li-sis Dis-cri-mi-nan
-te Po-li-no-mial No Li-neal Ge-né-ti-co (GNLP-
 []

)

LaTeX Info: Redefining \. on input line 25.
LaTeX Info: Redefining \% on input line 25.
[28]
\openout2 = `capitulos/04_metodologia.aux'.

 (./capitulos/04_metodologia.tex
Cap\'{\i }tulo 4.


[29




]

LaTeX Info: Redefining \. on input line 85.
LaTeX Info: Redefining \% on input line 85.
[30]

LaTeX Info: Redefining \. on input line 154.
LaTeX Info: Redefining \% on input line 154.
[31]
Underfull \vbox (badness 10000) has occurred while \output is active []



LaTeX Info: Redefining \. on input line 219.
LaTeX Info: Redefining \% on input line 219.
[32]
Underfull \vbox (badness 6859) has occurred while \output is active []



LaTeX Info: Redefining \. on input line 289.
LaTeX Info: Redefining \% on input line 289.
[33]
Underfull \vbox (badness 4899) has occurred while \output is active []



LaTeX Info: Redefining \. on input line 298.
LaTeX Info: Redefining \% on input line 298.
[34]

LaTeX Info: Redefining \. on input line 351.
LaTeX Info: Redefining \% on input line 351.
[35]
Overfull \hbox (1.3416pt too wide) in paragraph at lines 424--424
[]\T1/ptm/b/n/17.28 Configuración y ca-li-bra-ción de los pa-rá-me-tros de GNLP
-
 []



LaTeX Info: Redefining \. on input line 428.
LaTeX Info: Redefining \% on input line 428.
[36]

LaTeX Info: Redefining \. on input line 482.
LaTeX Info: Redefining \% on input line 482.
[37]

LaTeX Info: Redefining \. on input line 520.
LaTeX Info: Redefining \% on input line 520.
[38]

LaTeX Info: Redefining \. on input line 543.
LaTeX Info: Redefining \% on input line 543.
[39]

LaTeX Info: Redefining \. on input line 614.
LaTeX Info: Redefining \% on input line 614.
[40]

LaTeX Info: Redefining \. on input line 659.
LaTeX Info: Redefining \% on input line 659.
[41]

LaTeX Info: Redefining \. on input line 708.
LaTeX Info: Redefining \% on input line 708.
[42]

LaTeX Info: Redefining \. on input line 736.
LaTeX Info: Redefining \% on input line 736.
[43]

LaTeX Info: Redefining \. on input line 792.
LaTeX Info: Redefining \% on input line 792.
[44])

LaTeX Info: Redefining \. on input line 26.
LaTeX Info: Redefining \% on input line 26.
[45]
\openout2 = `capitulos/05_resultados.aux'.

 (./capitulos/05_resultados.tex

LaTeX Info: Redefining \. on input line 8.
LaTeX Info: Redefining \% on input line 8.
[46




]
Cap\'{\i }tulo 5.
<figuras/caso_1_1_lda_clasico.png, id=1065, 397.485pt x 361.35pt>
File: figuras/caso_1_1_lda_clasico.png Graphic file (type png)
<use figuras/caso_1_1_lda_clasico.png>
Package pdftex.def Info: figuras/caso_1_1_lda_clasico.png  used on input line 2
3.
(pdftex.def)             Requested size: 136.57462pt x 124.15862pt.
<figuras/caso_1_2_lda_mass.png, id=1066, 397.485pt x 361.35pt>
File: figuras/caso_1_2_lda_mass.png Graphic file (type png)
<use figuras/caso_1_2_lda_mass.png>
Package pdftex.def Info: figuras/caso_1_2_lda_mass.png  used on input line 28.
(pdftex.def)             Requested size: 136.57462pt x 124.15862pt.
<figuras/caso_1_3_kfda.png, id=1067, 397.485pt x 361.35pt>
File: figuras/caso_1_3_kfda.png Graphic file (type png)
<use figuras/caso_1_3_kfda.png>
Package pdftex.def Info: figuras/caso_1_3_kfda.png  used on input line 33.
(pdftex.def)             Requested size: 136.57462pt x 124.15862pt.
<figuras/caso_2_1_lda_clasico.png, id=1069, 397.485pt x 361.35pt>
File: figuras/caso_2_1_lda_clasico.png Graphic file (type png)
<use figuras/caso_2_1_lda_clasico.png>
Package pdftex.def Info: figuras/caso_2_1_lda_clasico.png  used on input line 5
8.
(pdftex.def)             Requested size: 136.57462pt x 124.15862pt.
<figuras/caso_2_2_lda_mass.png, id=1070, 397.485pt x 361.35pt>
File: figuras/caso_2_2_lda_mass.png Graphic file (type png)
<use figuras/caso_2_2_lda_mass.png>
Package pdftex.def Info: figuras/caso_2_2_lda_mass.png  used on input line 63.
(pdftex.def)             Requested size: 136.57462pt x 124.15862pt.
<figuras/caso_2_3_kfda.png, id=1071, 397.485pt x 361.35pt>
File: figuras/caso_2_3_kfda.png Graphic file (type png)
<use figuras/caso_2_3_kfda.png>
Package pdftex.def Info: figuras/caso_2_3_kfda.png  used on input line 68.
(pdftex.def)             Requested size: 136.57462pt x 124.15862pt.
<figuras/caso_3_1_lda_clasico.png, id=1073, 397.485pt x 361.35pt>
File: figuras/caso_3_1_lda_clasico.png Graphic file (type png)
<use figuras/caso_3_1_lda_clasico.png>
Package pdftex.def Info: figuras/caso_3_1_lda_clasico.png  used on input line 9
2.
(pdftex.def)             Requested size: 136.57462pt x 124.15862pt.
<figuras/caso_3_2_lda_mass.png, id=1074, 397.485pt x 361.35pt>
File: figuras/caso_3_2_lda_mass.png Graphic file (type png)
<use figuras/caso_3_2_lda_mass.png>
Package pdftex.def Info: figuras/caso_3_2_lda_mass.png  used on input line 97.
(pdftex.def)             Requested size: 136.57462pt x 124.15862pt.
<figuras/caso_3_3_kfda.png, id=1075, 397.485pt x 361.35pt>
File: figuras/caso_3_3_kfda.png Graphic file (type png)
<use figuras/caso_3_3_kfda.png>
Package pdftex.def Info: figuras/caso_3_3_kfda.png  used on input line 102.
(pdftex.def)             Requested size: 136.57462pt x 124.15862pt.

Underfull \vbox (badness 1173) has occurred while \output is active []



[47 <./figuras/caso_1_1_lda_clasico.png> <./figuras/caso_1_2_lda_mass.png> <./f
iguras/caso_1_3_kfda.png>]
<figuras/caso_4_1_lda_clasico.png, id=1083, 397.485pt x 361.35pt>
File: figuras/caso_4_1_lda_clasico.png Graphic file (type png)
<use figuras/caso_4_1_lda_clasico.png>
Package pdftex.def Info: figuras/caso_4_1_lda_clasico.png  used on input line 1
27.
(pdftex.def)             Requested size: 136.57462pt x 124.15862pt.
<figuras/caso_4_2_lda_mass.png, id=1084, 397.485pt x 361.35pt>
File: figuras/caso_4_2_lda_mass.png Graphic file (type png)
<use figuras/caso_4_2_lda_mass.png>
Package pdftex.def Info: figuras/caso_4_2_lda_mass.png  used on input line 132.

(pdftex.def)             Requested size: 136.57462pt x 124.15862pt.
<figuras/caso_4_3_kfda.png, id=1085, 397.485pt x 361.35pt>
File: figuras/caso_4_3_kfda.png Graphic file (type png)
<use figuras/caso_4_3_kfda.png>
Package pdftex.def Info: figuras/caso_4_3_kfda.png  used on input line 137.
(pdftex.def)             Requested size: 136.57462pt x 124.15862pt.
<figuras/caso_5_1_lda_clasico.png, id=1087, 397.485pt x 361.35pt>
File: figuras/caso_5_1_lda_clasico.png Graphic file (type png)
<use figuras/caso_5_1_lda_clasico.png>
Package pdftex.def Info: figuras/caso_5_1_lda_clasico.png  used on input line 1
63.
(pdftex.def)             Requested size: 136.57462pt x 124.15862pt.
<figuras/caso_5_2_lda_mass.png, id=1088, 397.485pt x 361.35pt>
File: figuras/caso_5_2_lda_mass.png Graphic file (type png)
<use figuras/caso_5_2_lda_mass.png>
Package pdftex.def Info: figuras/caso_5_2_lda_mass.png  used on input line 168.

(pdftex.def)             Requested size: 136.57462pt x 124.15862pt.
<figuras/caso_5_3_kfda.png, id=1089, 397.485pt x 361.35pt>
File: figuras/caso_5_3_kfda.png Graphic file (type png)
<use figuras/caso_5_3_kfda.png>
Package pdftex.def Info: figuras/caso_5_3_kfda.png  used on input line 173.
(pdftex.def)             Requested size: 136.57462pt x 124.15862pt.

Underfull \vbox (badness 1292) has occurred while \output is active []



LaTeX Info: Redefining \. on input line 179.
LaTeX Info: Redefining \% on input line 179.
[48 <./figuras/caso_2_1_lda_clasico.png> <./figuras/caso_2_2_lda_mass.png> <./f
iguras/caso_2_3_kfda.png> <./figuras/caso_3_1_lda_clasico.png> <./figuras/caso_
3_2_lda_mass.png> <./figuras/caso_3_3_kfda.png>]

LaTeX Info: Redefining \. on input line 193.
LaTeX Info: Redefining \% on input line 193.
[49 <./figuras/caso_4_1_lda_clasico.png> <./figuras/caso_4_2_lda_mass.png> <./f
iguras/caso_4_3_kfda.png> <./figuras/caso_5_1_lda_clasico.png> <./figuras/caso_
5_2_lda_mass.png> <./figuras/caso_5_3_kfda.png>]
<figuras/1DES.png, id=1105, 346.896pt x 346.896pt>
File: figuras/1DES.png Graphic file (type png)
<use figuras/1DES.png>
Package pdftex.def Info: figuras/1DES.png  used on input line 210.
(pdftex.def)             Requested size: 227.62206pt x 227.62346pt.


LaTeX Info: Redefining \. on input line 216.
LaTeX Info: Redefining \% on input line 216.
[50 <./figuras/1DES.png>]
<figuras/mejor_escenario_1.2.penguins_1_mass_2d.png, id=1114, 397.485pt x 361.3
5pt>
File: figuras/mejor_escenario_1.2.penguins_1_mass_2d.png Graphic file (type png
)
<use figuras/mejor_escenario_1.2.penguins_1_mass_2d.png>
Package pdftex.def Info: figuras/mejor_escenario_1.2.penguins_1_mass_2d.png  us
ed on input line 225.
(pdftex.def)             Requested size: 136.57462pt x 124.15862pt.
<figuras/mejor_escenario_1.2.penguins_2_kfda_2d.png, id=1115, 397.485pt x 361.3
5pt>
File: figuras/mejor_escenario_1.2.penguins_2_kfda_2d.png Graphic file (type png
)
<use figuras/mejor_escenario_1.2.penguins_2_kfda_2d.png>
Package pdftex.def Info: figuras/mejor_escenario_1.2.penguins_2_kfda_2d.png  us
ed on input line 230.
(pdftex.def)             Requested size: 136.57462pt x 124.15862pt.
<figuras/mejor_escenario_1.2.penguins_3_gnlpda_2d.png, id=1116, 397.485pt x 361
.35pt>
File: figuras/mejor_escenario_1.2.penguins_3_gnlpda_2d.png Graphic file (type p
ng)
<use figuras/mejor_escenario_1.2.penguins_3_gnlpda_2d.png>
Package pdftex.def Info: figuras/mejor_escenario_1.2.penguins_3_gnlpda_2d.png  
used on input line 235.
(pdftex.def)             Requested size: 136.57462pt x 124.15862pt.
<figuras/Boxplot_1.2.penguins_Accuracy.png, id=1118, 614.295pt x 397.485pt>
File: figuras/Boxplot_1.2.penguins_Accuracy.png Graphic file (type png)
<use figuras/Boxplot_1.2.penguins_Accuracy.png>
Package pdftex.def Info: figuras/Boxplot_1.2.penguins_Accuracy.png  used on inp
ut line 255.
(pdftex.def)             Requested size: 364.19667pt x 235.66042pt.


LaTeX Info: Redefining \. on input line 270.
LaTeX Info: Redefining \% on input line 270.
[51 <./figuras/mejor_escenario_1.2.penguins_1_mass_2d.png> <./figuras/mejor_esc
enario_1.2.penguins_2_kfda_2d.png> <./figuras/mejor_escenario_1.2.penguins_3_gn
lpda_2d.png> <./figuras/Boxplot_1.2.penguins_Accuracy.png>]
<figuras/CDplot_Nemenyi_1.2.penguins_long_graficos_todos.png, id=1127, 542.025p
t x 231.264pt>
File: figuras/CDplot_Nemenyi_1.2.penguins_long_graficos_todos.png Graphic file 
(type png)
<use figuras/CDplot_Nemenyi_1.2.penguins_long_graficos_todos.png>
Package pdftex.def Info: figuras/CDplot_Nemenyi_1.2.penguins_long_graficos_todo
s.png  used on input line 273.
(pdftex.def)             Requested size: 364.19667pt x 155.39423pt.
<figuras/CDplot_Nemenyi_1.2.penguins_long_graficos_campeones.png, id=1128, 542.
025pt x 231.264pt>
File: figuras/CDplot_Nemenyi_1.2.penguins_long_graficos_campeones.png Graphic f
ile (type png)
<use figuras/CDplot_Nemenyi_1.2.penguins_long_graficos_campeones.png>
Package pdftex.def Info: figuras/CDplot_Nemenyi_1.2.penguins_long_graficos_camp
eones.png  used on input line 286.
(pdftex.def)             Requested size: 364.19667pt x 155.39423pt.

Underfull \vbox (badness 10000) has occurred while \output is active []



LaTeX Info: Redefining \. on input line 307.
LaTeX Info: Redefining \% on input line 307.
[52 <./figuras/CDplot_Nemenyi_1.2.penguins_long_graficos_todos.png>]
<figuras/3DES.png, id=1136, 520.344pt x 520.344pt>
File: figuras/3DES.png Graphic file (type png)
<use figuras/3DES.png>
Package pdftex.def Info: figuras/3DES.png  used on input line 315.
(pdftex.def)             Requested size: 227.62206pt x 227.62611pt.

Underfull \vbox (badness 10000) has occurred while \output is active []



LaTeX Info: Redefining \. on input line 319.
LaTeX Info: Redefining \% on input line 319.
[53 <./figuras/CDplot_Nemenyi_1.2.penguins_long_graficos_campeones.png>]
Underfull \hbox (badness 10000) in paragraph at lines 320--321

 []

<figuras/mejor_escenario_1.4.wines_1_mass_2d.png, id=1144, 397.485pt x 361.35pt
>
File: figuras/mejor_escenario_1.4.wines_1_mass_2d.png Graphic file (type png)
<use figuras/mejor_escenario_1.4.wines_1_mass_2d.png>
Package pdftex.def Info: figuras/mejor_escenario_1.4.wines_1_mass_2d.png  used 
on input line 331.
(pdftex.def)             Requested size: 136.57462pt x 124.15862pt.
<figuras/mejor_escenario_1.4.wines_2_kfda_2d.png, id=1145, 397.485pt x 361.35pt
>
File: figuras/mejor_escenario_1.4.wines_2_kfda_2d.png Graphic file (type png)
<use figuras/mejor_escenario_1.4.wines_2_kfda_2d.png>
Package pdftex.def Info: figuras/mejor_escenario_1.4.wines_2_kfda_2d.png  used 
on input line 336.
(pdftex.def)             Requested size: 136.57462pt x 124.15862pt.
<figuras/mejor_escenario_1.4.wines_3_gnlpda_2d.png, id=1146, 397.485pt x 361.35
pt>
File: figuras/mejor_escenario_1.4.wines_3_gnlpda_2d.png Graphic file (type png)

<use figuras/mejor_escenario_1.4.wines_3_gnlpda_2d.png>
Package pdftex.def Info: figuras/mejor_escenario_1.4.wines_3_gnlpda_2d.png  use
d on input line 341.
(pdftex.def)             Requested size: 136.57462pt x 124.15862pt.
<figuras/Boxplot_1.4.wines_Accuracy.png, id=1148, 614.295pt x 397.485pt>
File: figuras/Boxplot_1.4.wines_Accuracy.png Graphic file (type png)
<use figuras/Boxplot_1.4.wines_Accuracy.png>
Package pdftex.def Info: figuras/Boxplot_1.4.wines_Accuracy.png  used on input 
line 362.
(pdftex.def)             Requested size: 364.19667pt x 235.66042pt.


LaTeX Info: Redefining \. on input line 365.
LaTeX Info: Redefining \% on input line 365.
[54 <./figuras/3DES.png> <./figuras/mejor_escenario_1.4.wines_1_mass_2d.png> <.
/figuras/mejor_escenario_1.4.wines_2_kfda_2d.png> <./figuras/mejor_escenario_1.
4.wines_3_gnlpda_2d.png>]
<figuras/CDplot_Nemenyi_1.4.wines_long_graficos_todos.png, id=1157, 542.025pt x
 231.264pt>
File: figuras/CDplot_Nemenyi_1.4.wines_long_graficos_todos.png Graphic file (ty
pe png)
<use figuras/CDplot_Nemenyi_1.4.wines_long_graficos_todos.png>
Package pdftex.def Info: figuras/CDplot_Nemenyi_1.4.wines_long_graficos_todos.p
ng  used on input line 381.
(pdftex.def)             Requested size: 364.19667pt x 155.39423pt.


LaTeX Info: Redefining \. on input line 396.
LaTeX Info: Redefining \% on input line 396.
[55 <./figuras/Boxplot_1.4.wines_Accuracy.png> <./figuras/CDplot_Nemenyi_1.4.wi
nes_long_graficos_todos.png>]
<figuras/CDplot_Nemenyi_1.4.wines_long_graficos_campeones.png, id=1166, 542.025
pt x 231.264pt>
File: figuras/CDplot_Nemenyi_1.4.wines_long_graficos_campeones.png Graphic file
 (type png)
<use figuras/CDplot_Nemenyi_1.4.wines_long_graficos_campeones.png>
Package pdftex.def Info: figuras/CDplot_Nemenyi_1.4.wines_long_graficos_campeon
es.png  used on input line 399.
(pdftex.def)             Requested size: 364.19667pt x 155.39423pt.


LaTeX Info: Redefining \. on input line 417.
LaTeX Info: Redefining \% on input line 417.
[56 <./figuras/CDplot_Nemenyi_1.4.wines_long_graficos_campeones.png>]
<figuras/7DES.png, id=1174, 520.344pt x 520.344pt>
File: figuras/7DES.png Graphic file (type png)
<use figuras/7DES.png>
Package pdftex.def Info: figuras/7DES.png  used on input line 423.
(pdftex.def)             Requested size: 227.62206pt x 227.62611pt.
<figuras/mejor_escenario_4.1.CancerWisconsin_1_mass_2d.png, id=1176, 397.485pt 
x 361.35pt>
File: figuras/mejor_escenario_4.1.CancerWisconsin_1_mass_2d.png Graphic file (t
ype png)
<use figuras/mejor_escenario_4.1.CancerWisconsin_1_mass_2d.png>
Package pdftex.def Info: figuras/mejor_escenario_4.1.CancerWisconsin_1_mass_2d.
png  used on input line 440.
(pdftex.def)             Requested size: 136.57462pt x 124.15862pt.
<figuras/mejor_escenario_4.1.CancerWisconsin_2_kfda_2d.png, id=1177, 397.485pt 
x 361.35pt>
File: figuras/mejor_escenario_4.1.CancerWisconsin_2_kfda_2d.png Graphic file (t
ype png)
<use figuras/mejor_escenario_4.1.CancerWisconsin_2_kfda_2d.png>
Package pdftex.def Info: figuras/mejor_escenario_4.1.CancerWisconsin_2_kfda_2d.
png  used on input line 445.
(pdftex.def)             Requested size: 136.57462pt x 124.15862pt.
<figuras/mejor_escenario_4.1.CancerWisconsin_3_gnlpda_2d.png, id=1178, 397.485p
t x 361.35pt>
File: figuras/mejor_escenario_4.1.CancerWisconsin_3_gnlpda_2d.png Graphic file 
(type png)
<use figuras/mejor_escenario_4.1.CancerWisconsin_3_gnlpda_2d.png>
Package pdftex.def Info: figuras/mejor_escenario_4.1.CancerWisconsin_3_gnlpda_2
d.png  used on input line 450.
(pdftex.def)             Requested size: 136.57462pt x 124.15862pt.


LaTeX Info: Redefining \. on input line 470.
LaTeX Info: Redefining \% on input line 470.
[57 <./figuras/7DES.png> <./figuras/mejor_escenario_4.1.CancerWisconsin_1_mass_
2d.png> <./figuras/mejor_escenario_4.1.CancerWisconsin_2_kfda_2d.png> <./figura
s/mejor_escenario_4.1.CancerWisconsin_3_gnlpda_2d.png>]
<figuras/Boxplot_4.1.CancerWisconsin_Accuracy.png, id=1187, 614.295pt x 397.485
pt>
File: figuras/Boxplot_4.1.CancerWisconsin_Accuracy.png Graphic file (type png)
<use figuras/Boxplot_4.1.CancerWisconsin_Accuracy.png>
Package pdftex.def Info: figuras/Boxplot_4.1.CancerWisconsin_Accuracy.png  used
 on input line 474.
(pdftex.def)             Requested size: 364.19667pt x 235.66042pt.
<figuras/CDplot_Nemenyi_4.1.CancerWisconsin_long_graficos_todos.png, id=1189, 5
42.025pt x 231.264pt>
File: figuras/CDplot_Nemenyi_4.1.CancerWisconsin_long_graficos_todos.png Graphi
c file (type png)
<use figuras/CDplot_Nemenyi_4.1.CancerWisconsin_long_graficos_todos.png>
Package pdftex.def Info: figuras/CDplot_Nemenyi_4.1.CancerWisconsin_long_grafic
os_todos.png  used on input line 488.
(pdftex.def)             Requested size: 364.19667pt x 155.39423pt.

Underfull \vbox (badness 10000) has occurred while \output is active []



LaTeX Info: Redefining \. on input line 493.
LaTeX Info: Redefining \% on input line 493.
[58 <./figuras/Boxplot_4.1.CancerWisconsin_Accuracy.png>]
<figuras/CDplot_Nemenyi_4.1.CancerWisconsin_long_graficos_campeones.png, id=119
5, 542.025pt x 231.264pt>
File: figuras/CDplot_Nemenyi_4.1.CancerWisconsin_long_graficos_campeones.png Gr
aphic file (type png)
<use figuras/CDplot_Nemenyi_4.1.CancerWisconsin_long_graficos_campeones.png>
Package pdftex.def Info: figuras/CDplot_Nemenyi_4.1.CancerWisconsin_long_grafic
os_campeones.png  used on input line 504.
(pdftex.def)             Requested size: 364.19667pt x 155.39423pt.

Overfull \hbox (0.51367pt too wide) in paragraph at lines 510--518
\T1/ptm/m/n/12 ma de Ne-men-yi de-ta-lla la je-rar-quía de de-sem-pe-ño: las ar
-qui-tec-tu-ras SVM(POL2) y SVM(POL3)
 []


Underfull \vbox (badness 1755) has occurred while \output is active []



LaTeX Info: Redefining \. on input line 523.
LaTeX Info: Redefining \% on input line 523.
[59 <./figuras/CDplot_Nemenyi_4.1.CancerWisconsin_long_graficos_todos.png> <./f
iguras/CDplot_Nemenyi_4.1.CancerWisconsin_long_graficos_campeones.png>]
<figuras/8DES.png, id=1205, 520.344pt x 520.344pt>
File: figuras/8DES.png Graphic file (type png)
<use figuras/8DES.png>
Package pdftex.def Info: figuras/8DES.png  used on input line 528.
(pdftex.def)             Requested size: 227.62206pt x 227.62611pt.
<figuras/mejor_escenario_4.2.Ionosphere_1_mass_2d.png, id=1207, 397.485pt x 361
.35pt>
File: figuras/mejor_escenario_4.2.Ionosphere_1_mass_2d.png Graphic file (type p
ng)
<use figuras/mejor_escenario_4.2.Ionosphere_1_mass_2d.png>
Package pdftex.def Info: figuras/mejor_escenario_4.2.Ionosphere_1_mass_2d.png  
used on input line 545.
(pdftex.def)             Requested size: 136.57462pt x 124.15862pt.
<figuras/mejor_escenario_4.2.Ionosphere_2_kfda_2d.png, id=1208, 397.485pt x 361
.35pt>
File: figuras/mejor_escenario_4.2.Ionosphere_2_kfda_2d.png Graphic file (type p
ng)
<use figuras/mejor_escenario_4.2.Ionosphere_2_kfda_2d.png>
Package pdftex.def Info: figuras/mejor_escenario_4.2.Ionosphere_2_kfda_2d.png  
used on input line 550.
(pdftex.def)             Requested size: 136.57462pt x 124.15862pt.
<figuras/mejor_escenario_4.2.Ionosphere_3_gnlpda_2d.png, id=1209, 397.485pt x 3
61.35pt>
File: figuras/mejor_escenario_4.2.Ionosphere_3_gnlpda_2d.png Graphic file (type
 png)
<use figuras/mejor_escenario_4.2.Ionosphere_3_gnlpda_2d.png>
Package pdftex.def Info: figuras/mejor_escenario_4.2.Ionosphere_3_gnlpda_2d.png
  used on input line 555.
(pdftex.def)             Requested size: 136.57462pt x 124.15862pt.


LaTeX Info: Redefining \. on input line 575.
LaTeX Info: Redefining \% on input line 575.
[60 <./figuras/8DES.png>]
<figuras/Boxplot_4.2.Ionosphere_Accuracy.png, id=1218, 614.295pt x 397.485pt>
File: figuras/Boxplot_4.2.Ionosphere_Accuracy.png Graphic file (type png)
<use figuras/Boxplot_4.2.Ionosphere_Accuracy.png>
Package pdftex.def Info: figuras/Boxplot_4.2.Ionosphere_Accuracy.png  used on i
nput line 578.
(pdftex.def)             Requested size: 364.19667pt x 235.66042pt.


LaTeX Info: Redefining \. on input line 586.
LaTeX Info: Redefining \% on input line 586.
[61 <./figuras/mejor_escenario_4.2.Ionosphere_1_mass_2d.png> <./figuras/mejor_e
scenario_4.2.Ionosphere_2_kfda_2d.png> <./figuras/mejor_escenario_4.2.Ionospher
e_3_gnlpda_2d.png> <./figuras/Boxplot_4.2.Ionosphere_Accuracy.png>]
<figuras/CDplot_Nemenyi_4.2.Ionosphere_long_graficos_todos.png, id=1226, 542.02
5pt x 231.264pt>
File: figuras/CDplot_Nemenyi_4.2.Ionosphere_long_graficos_todos.png Graphic fil
e (type png)
<use figuras/CDplot_Nemenyi_4.2.Ionosphere_long_graficos_todos.png>
Package pdftex.def Info: figuras/CDplot_Nemenyi_4.2.Ionosphere_long_graficos_to
dos.png  used on input line 589.
(pdftex.def)             Requested size: 364.19667pt x 155.39423pt.
<figuras/CDplot_Nemenyi_4.2.Ionosphere_long_graficos_campeones.png, id=1227, 54
2.025pt x 231.264pt>
File: figuras/CDplot_Nemenyi_4.2.Ionosphere_long_graficos_campeones.png Graphic
 file (type png)
<use figuras/CDplot_Nemenyi_4.2.Ionosphere_long_graficos_campeones.png>
Package pdftex.def Info: figuras/CDplot_Nemenyi_4.2.Ionosphere_long_graficos_ca
mpeones.png  used on input line 599.
(pdftex.def)             Requested size: 364.19667pt x 155.39423pt.


LaTeX Info: Redefining \. on input line 613.
LaTeX Info: Redefining \% on input line 613.
[62 <./figuras/CDplot_Nemenyi_4.2.Ionosphere_long_graficos_todos.png> <./figura
s/CDplot_Nemenyi_4.2.Ionosphere_long_graficos_campeones.png>]
<figuras/4DES.png, id=1236, 346.896pt x 346.896pt>
File: figuras/4DES.png Graphic file (type png)
<use figuras/4DES.png>
Package pdftex.def Info: figuras/4DES.png  used on input line 618.
(pdftex.def)             Requested size: 227.62206pt x 227.62346pt.
<figuras/mejor_escenario_3.1.Cebolla3D_1_mass_2d.png, id=1238, 397.485pt x 361.
35pt>
File: figuras/mejor_escenario_3.1.Cebolla3D_1_mass_2d.png Graphic file (type pn
g)
<use figuras/mejor_escenario_3.1.Cebolla3D_1_mass_2d.png>
Package pdftex.def Info: figuras/mejor_escenario_3.1.Cebolla3D_1_mass_2d.png  u
sed on input line 634.
(pdftex.def)             Requested size: 136.57462pt x 124.15862pt.
<figuras/mejor_escenario_3.1.Cebolla3D_2_kfda_2d.png, id=1239, 397.485pt x 361.
35pt>
File: figuras/mejor_escenario_3.1.Cebolla3D_2_kfda_2d.png Graphic file (type pn
g)
<use figuras/mejor_escenario_3.1.Cebolla3D_2_kfda_2d.png>
Package pdftex.def Info: figuras/mejor_escenario_3.1.Cebolla3D_2_kfda_2d.png  u
sed on input line 639.
(pdftex.def)             Requested size: 136.57462pt x 124.15862pt.
<figuras/mejor_escenario_3.1.Cebolla3D_3_gnlpda_2d.png, id=1240, 397.485pt x 36
1.35pt>
File: figuras/mejor_escenario_3.1.Cebolla3D_3_gnlpda_2d.png Graphic file (type 
png)
<use figuras/mejor_escenario_3.1.Cebolla3D_3_gnlpda_2d.png>
Package pdftex.def Info: figuras/mejor_escenario_3.1.Cebolla3D_3_gnlpda_2d.png 
 used on input line 644.
(pdftex.def)             Requested size: 136.57462pt x 124.15862pt.


LaTeX Info: Redefining \. on input line 665.
LaTeX Info: Redefining \% on input line 665.
[63 <./figuras/4DES.png> <./figuras/mejor_escenario_3.1.Cebolla3D_1_mass_2d.png
> <./figuras/mejor_escenario_3.1.Cebolla3D_2_kfda_2d.png> <./figuras/mejor_esce
nario_3.1.Cebolla3D_3_gnlpda_2d.png>]
<figuras/Boxplot_3.1.Cebolla3D_Accuracy.png, id=1249, 614.295pt x 397.485pt>
File: figuras/Boxplot_3.1.Cebolla3D_Accuracy.png Graphic file (type png)
<use figuras/Boxplot_3.1.Cebolla3D_Accuracy.png>
Package pdftex.def Info: figuras/Boxplot_3.1.Cebolla3D_Accuracy.png  used on in
put line 668.
(pdftex.def)             Requested size: 364.19667pt x 235.66042pt.
<figuras/CDplot_Nemenyi_3.1.Cebolla3D_long_graficos_todos.png, id=1251, 542.025
pt x 231.264pt>
File: figuras/CDplot_Nemenyi_3.1.Cebolla3D_long_graficos_todos.png Graphic file
 (type png)
<use figuras/CDplot_Nemenyi_3.1.Cebolla3D_long_graficos_todos.png>
Package pdftex.def Info: figuras/CDplot_Nemenyi_3.1.Cebolla3D_long_graficos_tod
os.png  used on input line 682.
(pdftex.def)             Requested size: 364.19667pt x 155.39423pt.

Underfull \vbox (badness 10000) has occurred while \output is active []



LaTeX Info: Redefining \. on input line 687.
LaTeX Info: Redefining \% on input line 687.
[64 <./figuras/Boxplot_3.1.Cebolla3D_Accuracy.png>]
<figuras/CDplot_Nemenyi_3.1.Cebolla3D_long_graficos_campeones.png, id=1257, 542
.025pt x 231.264pt>
File: figuras/CDplot_Nemenyi_3.1.Cebolla3D_long_graficos_campeones.png Graphic 
file (type png)
<use figuras/CDplot_Nemenyi_3.1.Cebolla3D_long_graficos_campeones.png>
Package pdftex.def Info: figuras/CDplot_Nemenyi_3.1.Cebolla3D_long_graficos_cam
peones.png  used on input line 692.
(pdftex.def)             Requested size: 364.19667pt x 155.39423pt.


LaTeX Info: Redefining \. on input line 710.
LaTeX Info: Redefining \% on input line 710.
[65 <./figuras/CDplot_Nemenyi_3.1.Cebolla3D_long_graficos_todos.png> <./figuras
/CDplot_Nemenyi_3.1.Cebolla3D_long_graficos_campeones.png>]
<figuras/5DES.png, id=1266, 520.344pt x 520.344pt>
File: figuras/5DES.png Graphic file (type png)
<use figuras/5DES.png>
Package pdftex.def Info: figuras/5DES.png  used on input line 715.
(pdftex.def)             Requested size: 227.62206pt x 227.62611pt.
<figuras/mejor_escenario_3.2.Cebolla10D_1_mass_2d.png, id=1268, 397.485pt x 361
.35pt>
File: figuras/mejor_escenario_3.2.Cebolla10D_1_mass_2d.png Graphic file (type p
ng)
<use figuras/mejor_escenario_3.2.Cebolla10D_1_mass_2d.png>
Package pdftex.def Info: figuras/mejor_escenario_3.2.Cebolla10D_1_mass_2d.png  
used on input line 732.
(pdftex.def)             Requested size: 136.57462pt x 124.15862pt.
<figuras/mejor_escenario_3.2.Cebolla10D_2_kfda_2d.png, id=1269, 397.485pt x 361
.35pt>
File: figuras/mejor_escenario_3.2.Cebolla10D_2_kfda_2d.png Graphic file (type p
ng)
<use figuras/mejor_escenario_3.2.Cebolla10D_2_kfda_2d.png>
Package pdftex.def Info: figuras/mejor_escenario_3.2.Cebolla10D_2_kfda_2d.png  
used on input line 737.
(pdftex.def)             Requested size: 136.57462pt x 124.15862pt.
<figuras/mejor_escenario_3.2.Cebolla10D_3_gnlpda_2d.png, id=1270, 397.485pt x 3
61.35pt>
File: figuras/mejor_escenario_3.2.Cebolla10D_3_gnlpda_2d.png Graphic file (type
 png)
<use figuras/mejor_escenario_3.2.Cebolla10D_3_gnlpda_2d.png>
Package pdftex.def Info: figuras/mejor_escenario_3.2.Cebolla10D_3_gnlpda_2d.png
  used on input line 742.
(pdftex.def)             Requested size: 136.57462pt x 124.15862pt.


LaTeX Info: Redefining \. on input line 763.
LaTeX Info: Redefining \% on input line 763.
[66 <./figuras/5DES.png> <./figuras/mejor_escenario_3.2.Cebolla10D_1_mass_2d.pn
g> <./figuras/mejor_escenario_3.2.Cebolla10D_2_kfda_2d.png> <./figuras/mejor_es
cenario_3.2.Cebolla10D_3_gnlpda_2d.png>]
<figuras/Boxplot_3.2.Cebolla10D_Accuracy.png, id=1279, 614.295pt x 397.485pt>
File: figuras/Boxplot_3.2.Cebolla10D_Accuracy.png Graphic file (type png)
<use figuras/Boxplot_3.2.Cebolla10D_Accuracy.png>
Package pdftex.def Info: figuras/Boxplot_3.2.Cebolla10D_Accuracy.png  used on i
nput line 766.
(pdftex.def)             Requested size: 364.19667pt x 235.66042pt.
<figuras/CDplot_Nemenyi_3.2.Cebolla10D_long_graficos_todos.png, id=1281, 542.02
5pt x 231.264pt>
File: figuras/CDplot_Nemenyi_3.2.Cebolla10D_long_graficos_todos.png Graphic fil
e (type png)
<use figuras/CDplot_Nemenyi_3.2.Cebolla10D_long_graficos_todos.png>
Package pdftex.def Info: figuras/CDplot_Nemenyi_3.2.Cebolla10D_long_graficos_to
dos.png  used on input line 783.
(pdftex.def)             Requested size: 364.19667pt x 155.39423pt.

Underfull \vbox (badness 10000) has occurred while \output is active []



LaTeX Info: Redefining \. on input line 788.
LaTeX Info: Redefining \% on input line 788.
[67 <./figuras/Boxplot_3.2.Cebolla10D_Accuracy.png>]
<figuras/CDplot_Nemenyi_3.2.Cebolla10D_long_graficos_campeones.png, id=1288, 54
2.025pt x 231.264pt>
File: figuras/CDplot_Nemenyi_3.2.Cebolla10D_long_graficos_campeones.png Graphic
 file (type png)
<use figuras/CDplot_Nemenyi_3.2.Cebolla10D_long_graficos_campeones.png>
Package pdftex.def Info: figuras/CDplot_Nemenyi_3.2.Cebolla10D_long_graficos_ca
mpeones.png  used on input line 801.
(pdftex.def)             Requested size: 364.19667pt x 155.39423pt.


LaTeX Info: Redefining \. on input line 814.
LaTeX Info: Redefining \% on input line 814.
[68 <./figuras/CDplot_Nemenyi_3.2.Cebolla10D_long_graficos_todos.png> <./figura
s/CDplot_Nemenyi_3.2.Cebolla10D_long_graficos_campeones.png>]
<figuras/6DES.png, id=1298, 520.344pt x 520.344pt>
File: figuras/6DES.png Graphic file (type png)
<use figuras/6DES.png>
Package pdftex.def Info: figuras/6DES.png  used on input line 820.
(pdftex.def)             Requested size: 227.62206pt x 227.62611pt.
<figuras/mejor_escenario_3.3.Cebolla20D_1_mass_2d.png, id=1300, 397.485pt x 361
.35pt>
File: figuras/mejor_escenario_3.3.Cebolla20D_1_mass_2d.png Graphic file (type p
ng)
<use figuras/mejor_escenario_3.3.Cebolla20D_1_mass_2d.png>
Package pdftex.def Info: figuras/mejor_escenario_3.3.Cebolla20D_1_mass_2d.png  
used on input line 835.
(pdftex.def)             Requested size: 136.57462pt x 124.15862pt.
<figuras/mejor_escenario_3.3.Cebolla20D_2_kfda_2d.png, id=1301, 397.485pt x 361
.35pt>
File: figuras/mejor_escenario_3.3.Cebolla20D_2_kfda_2d.png Graphic file (type p
ng)
<use figuras/mejor_escenario_3.3.Cebolla20D_2_kfda_2d.png>
Package pdftex.def Info: figuras/mejor_escenario_3.3.Cebolla20D_2_kfda_2d.png  
used on input line 840.
(pdftex.def)             Requested size: 136.57462pt x 124.15862pt.
<figuras/mejor_escenario_3.3.Cebolla20D_3_gnlpda_2d.png, id=1302, 397.485pt x 3
61.35pt>
File: figuras/mejor_escenario_3.3.Cebolla20D_3_gnlpda_2d.png Graphic file (type
 png)
<use figuras/mejor_escenario_3.3.Cebolla20D_3_gnlpda_2d.png>
Package pdftex.def Info: figuras/mejor_escenario_3.3.Cebolla20D_3_gnlpda_2d.png
  used on input line 845.
(pdftex.def)             Requested size: 136.57462pt x 124.15862pt.


LaTeX Info: Redefining \. on input line 867.
LaTeX Info: Redefining \% on input line 867.
[69 <./figuras/6DES.png> <./figuras/mejor_escenario_3.3.Cebolla20D_1_mass_2d.pn
g> <./figuras/mejor_escenario_3.3.Cebolla20D_2_kfda_2d.png> <./figuras/mejor_es
cenario_3.3.Cebolla20D_3_gnlpda_2d.png>]
File: figuras/Boxplot_3.2.Cebolla10D_Accuracy.png Graphic file (type png)
<use figuras/Boxplot_3.2.Cebolla10D_Accuracy.png>
Package pdftex.def Info: figuras/Boxplot_3.2.Cebolla10D_Accuracy.png  used on i
nput line 870.
(pdftex.def)             Requested size: 364.19667pt x 235.66042pt.
<figuras/CDplot_Nemenyi_3.3.Cebolla20D_long_graficos_todos.png, id=1312, 542.02
5pt x 231.264pt>
File: figuras/CDplot_Nemenyi_3.3.Cebolla20D_long_graficos_todos.png Graphic fil
e (type png)
<use figuras/CDplot_Nemenyi_3.3.Cebolla20D_long_graficos_todos.png>
Package pdftex.def Info: figuras/CDplot_Nemenyi_3.3.Cebolla20D_long_graficos_to
dos.png  used on input line 880.
(pdftex.def)             Requested size: 364.19667pt x 155.39423pt.

Underfull \vbox (badness 10000) has occurred while \output is active []



LaTeX Info: Redefining \. on input line 885.
LaTeX Info: Redefining \% on input line 885.
[70]
<figuras/CDplot_Nemenyi_3.3.Cebolla20D_long_graficos_campeones.png, id=1318, 54
2.025pt x 231.264pt>
File: figuras/CDplot_Nemenyi_3.3.Cebolla20D_long_graficos_campeones.png Graphic
 file (type png)
<use figuras/CDplot_Nemenyi_3.3.Cebolla20D_long_graficos_campeones.png>
Package pdftex.def Info: figuras/CDplot_Nemenyi_3.3.Cebolla20D_long_graficos_ca
mpeones.png  used on input line 890.
(pdftex.def)             Requested size: 364.19667pt x 155.39423pt.


LaTeX Info: Redefining \. on input line 903.
LaTeX Info: Redefining \% on input line 903.
[71 <./figuras/CDplot_Nemenyi_3.3.Cebolla20D_long_graficos_todos.png> <./figura
s/CDplot_Nemenyi_3.3.Cebolla20D_long_graficos_campeones.png>]
<figuras/2DES.png, id=1328, 520.344pt x 520.344pt>
File: figuras/2DES.png Graphic file (type png)
<use figuras/2DES.png>
Package pdftex.def Info: figuras/2DES.png  used on input line 908.
(pdftex.def)             Requested size: 227.62206pt x 227.62611pt.
<figuras/mejor_escenario_1.3.pimadiabetes_1_mass_2d.png, id=1330, 397.485pt x 3
61.35pt>
File: figuras/mejor_escenario_1.3.pimadiabetes_1_mass_2d.png Graphic file (type
 png)
<use figuras/mejor_escenario_1.3.pimadiabetes_1_mass_2d.png>
Package pdftex.def Info: figuras/mejor_escenario_1.3.pimadiabetes_1_mass_2d.png
  used on input line 925.
(pdftex.def)             Requested size: 136.57462pt x 124.15862pt.
<figuras/mejor_escenario_1.3.pimadiabetes_2_kfda_2d.png, id=1331, 397.485pt x 3
61.35pt>
File: figuras/mejor_escenario_1.3.pimadiabetes_2_kfda_2d.png Graphic file (type
 png)
<use figuras/mejor_escenario_1.3.pimadiabetes_2_kfda_2d.png>
Package pdftex.def Info: figuras/mejor_escenario_1.3.pimadiabetes_2_kfda_2d.png
  used on input line 930.
(pdftex.def)             Requested size: 136.57462pt x 124.15862pt.
<figuras/mejor_escenario_1.3.pimadiabetes_3_gnlpda_2d.png, id=1332, 397.485pt x
 361.35pt>
File: figuras/mejor_escenario_1.3.pimadiabetes_3_gnlpda_2d.png Graphic file (ty
pe png)
<use figuras/mejor_escenario_1.3.pimadiabetes_3_gnlpda_2d.png>
Package pdftex.def Info: figuras/mejor_escenario_1.3.pimadiabetes_3_gnlpda_2d.p
ng  used on input line 935.
(pdftex.def)             Requested size: 136.57462pt x 124.15862pt.


LaTeX Info: Redefining \. on input line 956.
LaTeX Info: Redefining \% on input line 956.
[72 <./figuras/2DES.png>]
<figuras/Boxplot_1.3.pimadiabetes_Accuracy.png, id=1341, 614.295pt x 397.485pt>

File: figuras/Boxplot_1.3.pimadiabetes_Accuracy.png Graphic file (type png)
<use figuras/Boxplot_1.3.pimadiabetes_Accuracy.png>
Package pdftex.def Info: figuras/Boxplot_1.3.pimadiabetes_Accuracy.png  used on
 input line 959.
(pdftex.def)             Requested size: 364.19667pt x 235.66042pt.
<figuras/CDplot_Nemenyi_1.3.pimadiabetes_long_graficos_todos.png, id=1343, 542.
025pt x 231.264pt>
File: figuras/CDplot_Nemenyi_1.3.pimadiabetes_long_graficos_todos.png Graphic f
ile (type png)
<use figuras/CDplot_Nemenyi_1.3.pimadiabetes_long_graficos_todos.png>
Package pdftex.def Info: figuras/CDplot_Nemenyi_1.3.pimadiabetes_long_graficos_
todos.png  used on input line 969.
(pdftex.def)             Requested size: 364.19667pt x 155.39423pt.


LaTeX Info: Redefining \. on input line 977.
LaTeX Info: Redefining \% on input line 977.
[73 <./figuras/mejor_escenario_1.3.pimadiabetes_1_mass_2d.png> <./figuras/mejor
_escenario_1.3.pimadiabetes_2_kfda_2d.png> <./figuras/mejor_escenario_1.3.pimad
iabetes_3_gnlpda_2d.png> <./figuras/Boxplot_1.3.pimadiabetes_Accuracy.png>]
<figuras/CDplot_Nemenyi_1.3.pimadiabetes_long_graficos_campeones.png, id=1350, 
542.025pt x 231.264pt>
File: figuras/CDplot_Nemenyi_1.3.pimadiabetes_long_graficos_campeones.png Graph
ic file (type png)
<use figuras/CDplot_Nemenyi_1.3.pimadiabetes_long_graficos_campeones.png>
Package pdftex.def Info: figuras/CDplot_Nemenyi_1.3.pimadiabetes_long_graficos_
campeones.png  used on input line 980.
(pdftex.def)             Requested size: 364.19667pt x 155.39423pt.


LaTeX Info: Redefining \. on input line 1001.
LaTeX Info: Redefining \% on input line 1001.
[74 <./figuras/CDplot_Nemenyi_1.3.pimadiabetes_long_graficos_todos.png> <./figu
ras/CDplot_Nemenyi_1.3.pimadiabetes_long_graficos_campeones.png>]
<figuras/9DES.png, id=1360, 520.344pt x 520.344pt>
File: figuras/9DES.png Graphic file (type png)
<use figuras/9DES.png>
Package pdftex.def Info: figuras/9DES.png  used on input line 1006.
(pdftex.def)             Requested size: 227.62206pt x 227.62611pt.
<figuras/mejor_escenario_5.4.indicadores2015_1_mass_2d.png, id=1362, 397.485pt 
x 361.35pt>
File: figuras/mejor_escenario_5.4.indicadores2015_1_mass_2d.png Graphic file (t
ype png)
<use figuras/mejor_escenario_5.4.indicadores2015_1_mass_2d.png>
Package pdftex.def Info: figuras/mejor_escenario_5.4.indicadores2015_1_mass_2d.
png  used on input line 1022.
(pdftex.def)             Requested size: 136.57462pt x 124.15862pt.
<figuras/mejor_escenario_5.4.indicadores2015_2_kfda_2d.png, id=1363, 397.485pt 
x 361.35pt>
File: figuras/mejor_escenario_5.4.indicadores2015_2_kfda_2d.png Graphic file (t
ype png)
<use figuras/mejor_escenario_5.4.indicadores2015_2_kfda_2d.png>
Package pdftex.def Info: figuras/mejor_escenario_5.4.indicadores2015_2_kfda_2d.
png  used on input line 1027.
(pdftex.def)             Requested size: 136.57462pt x 124.15862pt.
<figuras/mejor_escenario_5.4.indicadores2015_3_gnlpda_2d.png, id=1364, 397.485p
t x 361.35pt>
File: figuras/mejor_escenario_5.4.indicadores2015_3_gnlpda_2d.png Graphic file 
(type png)
<use figuras/mejor_escenario_5.4.indicadores2015_3_gnlpda_2d.png>
Package pdftex.def Info: figuras/mejor_escenario_5.4.indicadores2015_3_gnlpda_2
d.png  used on input line 1032.
(pdftex.def)             Requested size: 136.57462pt x 124.15862pt.

Underfull \vbox (badness 10000) has occurred while \output is active []



LaTeX Info: Redefining \. on input line 1039.
LaTeX Info: Redefining \% on input line 1039.
[75 <./figuras/9DES.png>]
<figuras/mejor_escenario_5.4.indicadores2015_1_mass_3d.png, id=1371, 397.485pt 
x 361.35pt>
File: figuras/mejor_escenario_5.4.indicadores2015_1_mass_3d.png Graphic file (t
ype png)
<use figuras/mejor_escenario_5.4.indicadores2015_1_mass_3d.png>
Package pdftex.def Info: figuras/mejor_escenario_5.4.indicadores2015_1_mass_3d.
png  used on input line 1046.
(pdftex.def)             Requested size: 136.57462pt x 124.15862pt.
<figuras/mejor_escenario_5.4.indicadores2015_2_kfda.png, id=1372, 397.485pt x 3
61.35pt>
File: figuras/mejor_escenario_5.4.indicadores2015_2_kfda.png Graphic file (type
 png)
<use figuras/mejor_escenario_5.4.indicadores2015_2_kfda.png>
Package pdftex.def Info: figuras/mejor_escenario_5.4.indicadores2015_2_kfda.png
  used on input line 1051.
(pdftex.def)             Requested size: 136.57462pt x 124.15862pt.
<figuras/mejor_escenario_5.4.indicadores2015_3_gnlpda.png, id=1373, 397.485pt x
 361.35pt>
File: figuras/mejor_escenario_5.4.indicadores2015_3_gnlpda.png Graphic file (ty
pe png)
<use figuras/mejor_escenario_5.4.indicadores2015_3_gnlpda.png>
Package pdftex.def Info: figuras/mejor_escenario_5.4.indicadores2015_3_gnlpda.p
ng  used on input line 1056.
(pdftex.def)             Requested size: 136.57462pt x 124.15862pt.
<figuras/Boxplot_5.4.indicadores2015_Accuracy.png, id=1374, 614.295pt x 397.485
pt>
File: figuras/Boxplot_5.4.indicadores2015_Accuracy.png Graphic file (type png)
<use figuras/Boxplot_5.4.indicadores2015_Accuracy.png>
Package pdftex.def Info: figuras/Boxplot_5.4.indicadores2015_Accuracy.png  used
 on input line 1079.
(pdftex.def)             Requested size: 364.19667pt x 235.66042pt.

Underfull \vbox (badness 10000) has occurred while \output is active []



LaTeX Info: Redefining \. on input line 1083.
LaTeX Info: Redefining \% on input line 1083.
[76 <./figuras/mejor_escenario_5.4.indicadores2015_1_mass_2d.png> <./figuras/me
jor_escenario_5.4.indicadores2015_2_kfda_2d.png> <./figuras/mejor_escenario_5.4
.indicadores2015_3_gnlpda_2d.png> <./figuras/mejor_escenario_5.4.indicadores201
5_1_mass_3d.png> <./figuras/mejor_escenario_5.4.indicadores2015_2_kfda.png> <./
figuras/mejor_escenario_5.4.indicadores2015_3_gnlpda.png>]
<figuras/CDplot_Nemenyi_5.4.indicadores2015_long_graficos_todos.png, id=1385, 5
42.025pt x 231.264pt>
File: figuras/CDplot_Nemenyi_5.4.indicadores2015_long_graficos_todos.png Graphi
c file (type png)
<use figuras/CDplot_Nemenyi_5.4.indicadores2015_long_graficos_todos.png>
Package pdftex.def Info: figuras/CDplot_Nemenyi_5.4.indicadores2015_long_grafic
os_todos.png  used on input line 1095.
(pdftex.def)             Requested size: 364.19667pt x 155.39423pt.


LaTeX Info: Redefining \. on input line 1110.
LaTeX Info: Redefining \% on input line 1110.
[77 <./figuras/Boxplot_5.4.indicadores2015_Accuracy.png> <./figuras/CDplot_Neme
nyi_5.4.indicadores2015_long_graficos_todos.png>]
<figuras/CDplot_Nemenyi_5.4.indicadores2015_long_graficos_campeones.png, id=139
3, 542.025pt x 231.264pt>
File: figuras/CDplot_Nemenyi_5.4.indicadores2015_long_graficos_campeones.png Gr
aphic file (type png)
<use figuras/CDplot_Nemenyi_5.4.indicadores2015_long_graficos_campeones.png>
Package pdftex.def Info: figuras/CDplot_Nemenyi_5.4.indicadores2015_long_grafic
os_campeones.png  used on input line 1113.
(pdftex.def)             Requested size: 364.19667pt x 155.39423pt.
<figuras/10DES.png, id=1395, 520.344pt x 520.344pt>
File: figuras/10DES.png Graphic file (type png)
<use figuras/10DES.png>
Package pdftex.def Info: figuras/10DES.png  used on input line 1139.
(pdftex.def)             Requested size: 227.62206pt x 227.62611pt.


LaTeX Info: Redefining \. on input line 1143.
LaTeX Info: Redefining \% on input line 1143.
[78 <./figuras/CDplot_Nemenyi_5.4.indicadores2015_long_graficos_campeones.png>]
<figuras/mejor_escenario_5.5.indicadores2020_1_mass_2d.png, id=1403, 397.485pt 
x 361.35pt>
File: figuras/mejor_escenario_5.5.indicadores2020_1_mass_2d.png Graphic file (t
ype png)
<use figuras/mejor_escenario_5.5.indicadores2020_1_mass_2d.png>
Package pdftex.def Info: figuras/mejor_escenario_5.5.indicadores2020_1_mass_2d.
png  used on input line 1154.
(pdftex.def)             Requested size: 136.57462pt x 124.15862pt.
<figuras/mejor_escenario_5.5.indicadores2020_2_kfda_2d.png, id=1404, 397.485pt 
x 361.35pt>
File: figuras/mejor_escenario_5.5.indicadores2020_2_kfda_2d.png Graphic file (t
ype png)
<use figuras/mejor_escenario_5.5.indicadores2020_2_kfda_2d.png>
Package pdftex.def Info: figuras/mejor_escenario_5.5.indicadores2020_2_kfda_2d.
png  used on input line 1159.
(pdftex.def)             Requested size: 136.57462pt x 124.15862pt.
<figuras/mejor_escenario_5.5.indicadores2020_3_gnlpda_2d.png, id=1405, 397.485p
t x 361.35pt>
File: figuras/mejor_escenario_5.5.indicadores2020_3_gnlpda_2d.png Graphic file 
(type png)
<use figuras/mejor_escenario_5.5.indicadores2020_3_gnlpda_2d.png>
Package pdftex.def Info: figuras/mejor_escenario_5.5.indicadores2020_3_gnlpda_2
d.png  used on input line 1164.
(pdftex.def)             Requested size: 136.57462pt x 124.15862pt.
<figuras/mejor_escenario_5.5.indicadores2020_1_mass_3d.png, id=1406, 397.485pt 
x 361.35pt>
File: figuras/mejor_escenario_5.5.indicadores2020_1_mass_3d.png Graphic file (t
ype png)
<use figuras/mejor_escenario_5.5.indicadores2020_1_mass_3d.png>
Package pdftex.def Info: figuras/mejor_escenario_5.5.indicadores2020_1_mass_3d.
png  used on input line 1178.
(pdftex.def)             Requested size: 136.57462pt x 124.15862pt.
<figuras/mejor_escenario_5.5.indicadores2020_2_kfda_3d.png, id=1407, 397.485pt 
x 361.35pt>
File: figuras/mejor_escenario_5.5.indicadores2020_2_kfda_3d.png Graphic file (t
ype png)
<use figuras/mejor_escenario_5.5.indicadores2020_2_kfda_3d.png>
Package pdftex.def Info: figuras/mejor_escenario_5.5.indicadores2020_2_kfda_3d.
png  used on input line 1183.
(pdftex.def)             Requested size: 136.57462pt x 124.15862pt.
<figuras/mejor_escenario_5.5.indicadores2020_3_gnlpda_3d.png, id=1408, 397.485p
t x 361.35pt>
File: figuras/mejor_escenario_5.5.indicadores2020_3_gnlpda_3d.png Graphic file 
(type png)
<use figuras/mejor_escenario_5.5.indicadores2020_3_gnlpda_3d.png>
Package pdftex.def Info: figuras/mejor_escenario_5.5.indicadores2020_3_gnlpda_3
d.png  used on input line 1188.
(pdftex.def)             Requested size: 136.57462pt x 124.15862pt.


LaTeX Info: Redefining \. on input line 1208.
LaTeX Info: Redefining \% on input line 1208.
[79 <./figuras/10DES.png> <./figuras/mejor_escenario_5.5.indicadores2020_1_mass
_2d.png> <./figuras/mejor_escenario_5.5.indicadores2020_2_kfda_2d.png> <./figur
as/mejor_escenario_5.5.indicadores2020_3_gnlpda_2d.png> <./figuras/mejor_escena
rio_5.5.indicadores2020_1_mass_3d.png> <./figuras/mejor_escenario_5.5.indicador
es2020_2_kfda_3d.png> <./figuras/mejor_escenario_5.5.indicadores2020_3_gnlpda_3
d.png>]
<figuras/Boxplot_5.5.indicadores2020_Accuracy.png, id=1423, 614.295pt x 397.485
pt>
File: figuras/Boxplot_5.5.indicadores2020_Accuracy.png Graphic file (type png)
<use figuras/Boxplot_5.5.indicadores2020_Accuracy.png>
Package pdftex.def Info: figuras/Boxplot_5.5.indicadores2020_Accuracy.png  used
 on input line 1211.
(pdftex.def)             Requested size: 364.19667pt x 235.66042pt.
<figuras/CDplot_Nemenyi_5.5.indicadores2020_long_graficos_todos.png, id=1425, 5
42.025pt x 231.264pt>
File: figuras/CDplot_Nemenyi_5.5.indicadores2020_long_graficos_todos.png Graphi
c file (type png)
<use figuras/CDplot_Nemenyi_5.5.indicadores2020_long_graficos_todos.png>
Package pdftex.def Info: figuras/CDplot_Nemenyi_5.5.indicadores2020_long_grafic
os_todos.png  used on input line 1228.
(pdftex.def)             Requested size: 364.19667pt x 155.39423pt.

Underfull \vbox (badness 10000) has occurred while \output is active []



LaTeX Info: Redefining \. on input line 1233.
LaTeX Info: Redefining \% on input line 1233.
[80 <./figuras/Boxplot_5.5.indicadores2020_Accuracy.png>]
<figuras/CDplot_Nemenyi_5.5.indicadores2020_long_graficos_campeones.png, id=143
1, 542.025pt x 231.264pt>
File: figuras/CDplot_Nemenyi_5.5.indicadores2020_long_graficos_campeones.png Gr
aphic file (type png)
<use figuras/CDplot_Nemenyi_5.5.indicadores2020_long_graficos_campeones.png>
Package pdftex.def Info: figuras/CDplot_Nemenyi_5.5.indicadores2020_long_grafic
os_campeones.png  used on input line 1247.
(pdftex.def)             Requested size: 364.19667pt x 155.39423pt.
)

LaTeX Info: Redefining \. on input line 27.
LaTeX Info: Redefining \% on input line 27.
[81 <./figuras/CDplot_Nemenyi_5.5.indicadores2020_long_graficos_todos.png> <./f
iguras/CDplot_Nemenyi_5.5.indicadores2020_long_graficos_campeones.png>]
\openout2 = `capitulos/06_discusion.aux'.


(./capitulos/06_discusion.tex

LaTeX Info: Redefining \. on input line 8.
LaTeX Info: Redefining \% on input line 8.
[82




]
Cap\'{\i }tulo 6.


[83]

LaTeX Info: Redefining \. on input line 112.
LaTeX Info: Redefining \% on input line 112.
[84])

LaTeX Info: Redefining \. on input line 28.
LaTeX Info: Redefining \% on input line 28.
[85]
\openout2 = `capitulos/07_conclusiones.aux'.

 (./capitulos/07_conclusiones.tex

LaTeX Info: Redefining \. on input line 8.
LaTeX Info: Redefining \% on input line 8.
[86




]
Cap\'{\i }tulo 7.
)

[87]

LaTeX Info: Redefining \. on input line 32.
LaTeX Info: Redefining \% on input line 32.
[88



] (./main.bbl

[89

{c:/texlive/2025/texmf-dist/fonts/enc/dvips/cm-super/cm-super-t1.enc}]

LaTeX Info: Redefining \. on input line 212.
LaTeX Info: Redefining \% on input line 212.
[90]

LaTeX Info: Redefining \. on input line 320.
LaTeX Info: Redefining \% on input line 320.
[91]

LaTeX Info: Redefining \. on input line 414.
LaTeX Info: Redefining \% on input line 414.
[92]

LaTeX Info: Redefining \. on input line 527.
LaTeX Info: Redefining \% on input line 527.
[93]

LaTeX Info: Redefining \. on input line 635.
LaTeX Info: Redefining \% on input line 635.
[94]

LaTeX Info: Redefining \. on input line 737.
LaTeX Info: Redefining \% on input line 737.
[95])

LaTeX Info: Redefining \. on input line 35.
LaTeX Info: Redefining \% on input line 35.
[96] (./main.aux
LaTeX Info: Redefining \. on input line 14.
LaTeX Info: Redefining \% on input line 14.
LaTeX Info: Redefining \. on input line 15.
LaTeX Info: Redefining \% on input line 15.
LaTeX Info: Redefining \. on input line 16.
LaTeX Info: Redefining \% on input line 16.
 (./capitulos/01_introduccion.aux)
(./capitulos/02_marco_teorico.aux) (./capitulos/03_estado_arte.aux)
(./capitulos/04_metodologia.aux) (./capitulos/05_resultados.aux)
(./capitulos/06_discusion.aux) (./capitulos/07_conclusiones.aux))
 ***********
LaTeX2e <2025-06-01> patch level 1
L3 programming layer <2025-10-24>
 ***********
Package rerunfilecheck Info: File `main.out' has not changed.
(rerunfilecheck)             Checksum: 50090699F6ACC17820915586745CF2BA;19658.
 ) 
Here is how much of TeX's memory you used:
 20209 strings out of 467747
 369183 string characters out of 5431120
 796231 words of memory out of 5000000
 48014 multiletter control sequences out of 15000+600000
 706775 words of font info for 132 fonts, out of 8000000 for 9000
 1141 hyphenation exceptions out of 8191
 99i,16n,134p,1948b,860s stack positions out of 10000i,1000n,20000p,200000b,200000s
<c:/texlive/2025/texmf-dist/fonts/type1/arkandis/gillius/GilliusADFNo2-Bold.p
fb><c:/texlive/2025/texmf-dist/fonts/type1/arkandis/gillius/GilliusADFNo2-Regul
ar.pfb><c:/texlive/2025/texmf-dist/fonts/type1/public/amsfonts/cm/cmex10.pfb><c
:/texlive/2025/texmf-dist/fonts/type1/public/amsfonts/cm/cmmi10.pfb><c:/texlive
/2025/texmf-dist/fonts/type1/public/amsfonts/cm/cmr10.pfb><c:/texlive/2025/texm
f-dist/fonts/type1/public/amsfonts/cm/cmsy10.pfb><c:/texlive/2025/texmf-dist/fo
nts/type1/public/amsfonts/symbols/msbm10.pfb><c:/texlive/2025/texmf-dist/fonts/
type1/public/rsfs/rsfs10.pfb><c:/texlive/2025/texmf-dist/fonts/type1/public/cm-
super/sftt1200.pfb><c:/texlive/2025/texmf-dist/fonts/type1/urw/symbol/usyr.pfb>
<c:/texlive/2025/texmf-dist/fonts/type1/urw/symbol/usyr.pfb><c:/texlive/2025/te
xmf-dist/fonts/type1/urw/times/utmb8a.pfb><c:/texlive/2025/texmf-dist/fonts/typ
e1/urw/times/utmr8a.pfb><c:/texlive/2025/texmf-dist/fonts/type1/urw/times/utmr8
a.pfb><c:/texlive/2025/texmf-dist/fonts/type1/urw/times/utmri8a.pfb>
Output written on main.pdf (102 pages, 14096744 bytes).
PDF statistics:
 1682 PDF objects out of 1728 (max. 8388607)
 1396 compressed objects within 14 object streams
 467 named destinations out of 1000 (max. 500000)
 1221 words of extra memory for PDF output out of 10000 (max. 10000000)

