\BOOKMARK [0][-]{chapter.1}{\376\377\000I\000n\000t\000r\000o\000d\000u\000c\000c\000i\000\363\000n}{}% 1
\BOOKMARK [1][-]{section.1.1}{\376\377\000C\000o\000n\000t\000e\000x\000t\000o\000\040\000y\000\040\000m\000o\000t\000i\000v\000a\000c\000i\000\363\000n}{chapter.1}% 2
\BOOKMARK [1][-]{section.1.2}{\376\377\000P\000l\000a\000n\000t\000e\000a\000m\000i\000e\000n\000t\000o\000\040\000d\000e\000l\000\040\000p\000r\000o\000b\000l\000e\000m\000a}{chapter.1}% 3
\BOOKMARK [1][-]{section.1.3}{\376\377\000P\000r\000o\000p\000u\000e\000s\000t\000a}{chapter.1}% 4
\BOOKMARK [1][-]{section.1.4}{\376\377\000J\000u\000s\000t\000i\000f\000i\000c\000a\000c\000i\000\363\000n}{chapter.1}% 5
\BOOKMARK [1][-]{section.1.5}{\376\377\000P\000r\000e\000g\000u\000n\000t\000a\000\040\000d\000e\000\040\000i\000n\000v\000e\000s\000t\000i\000g\000a\000c\000i\000\363\000n}{chapter.1}% 6
\BOOKMARK [1][-]{section.1.6}{\376\377\000H\000i\000p\000\363\000t\000e\000s\000i\000s}{chapter.1}% 7
\BOOKMARK [1][-]{section.1.7}{\376\377\000O\000b\000j\000e\000t\000i\000v\000o\000s}{chapter.1}% 8
\BOOKMARK [2][-]{subsection.1.7.1}{\376\377\000O\000b\000j\000e\000t\000i\000v\000o\000\040\000g\000e\000n\000e\000r\000a\000l}{section.1.7}% 9
\BOOKMARK [2][-]{subsection.1.7.2}{\376\377\000O\000b\000j\000e\000t\000i\000v\000o\000s\000\040\000e\000s\000p\000e\000c\000\355\000f\000i\000c\000o\000s}{section.1.7}% 10
\BOOKMARK [1][-]{section.1.8}{\376\377\000C\000o\000n\000t\000r\000i\000b\000u\000c\000i\000o\000n\000e\000s}{chapter.1}% 11
\BOOKMARK [1][-]{section.1.9}{\376\377\000A\000l\000c\000a\000n\000c\000e\000s\000\040\000y\000\040\000l\000i\000m\000i\000t\000a\000c\000i\000o\000n\000e\000s}{chapter.1}% 12
\BOOKMARK [1][-]{section.1.10}{\376\377\000O\000r\000g\000a\000n\000i\000z\000a\000c\000i\000\363\000n\000\040\000d\000e\000\040\000l\000a\000\040\000t\000e\000s\000i\000s}{chapter.1}% 13
\BOOKMARK [0][-]{chapter.2}{\376\377\000M\000a\000r\000c\000o\000\040\000T\000e\000\363\000r\000i\000c\000o}{}% 14
\BOOKMARK [1][-]{section.2.1}{\376\377\000R\000e\000p\000r\000e\000s\000e\000n\000t\000a\000c\000i\000\363\000n\000\040\000y\000\040\000v\000i\000s\000u\000a\000l\000i\000z\000a\000c\000i\000\363\000n\000\040\000d\000e\000\040\000d\000a\000t\000o\000s\000\040\000m\000u\000l\000t\000i\000d\000i\000m\000e\000n\000s\000i\000o\000n\000a\000l\000e\000s}{chapter.2}% 15
\BOOKMARK [2][-]{subsection.2.1.1}{\376\377\000E\000l\000\040\000d\000e\000s\000a\000f\000\355\000o\000\040\000d\000e\000\040\000v\000i\000s\000u\000a\000l\000i\000z\000a\000r\000\040\000d\000a\000t\000o\000s\000\040\000d\000e\000\040\000a\000l\000t\000a\000\040\000d\000i\000m\000e\000n\000s\000i\000\363\000n}{section.2.1}% 16
\BOOKMARK [2][-]{subsection.2.1.2}{\376\377\000R\000e\000d\000u\000c\000c\000i\000\363\000n\000\040\000d\000i\000m\000e\000n\000s\000i\000o\000n\000a\000l\000\040\000c\000o\000m\000o\000\040\000m\000e\000c\000a\000n\000i\000s\000m\000o\000\040\000d\000e\000\040\000r\000e\000p\000r\000e\000s\000e\000n\000t\000a\000c\000i\000\363\000n}{section.2.1}% 17
\BOOKMARK [2][-]{subsection.2.1.3}{\376\377\000P\000r\000o\000y\000e\000c\000c\000i\000o\000n\000e\000s\000\040\000d\000i\000s\000c\000r\000i\000m\000i\000n\000a\000n\000t\000e\000s\000\040\000p\000a\000r\000a\000\040\000l\000a\000\040\000v\000i\000s\000u\000a\000l\000i\000z\000a\000c\000i\000\363\000n\000\040\000s\000u\000p\000e\000r\000v\000i\000s\000a\000d\000a}{section.2.1}% 18
\BOOKMARK [2][-]{subsection.2.1.4}{\376\377\000V\000i\000s\000u\000a\000l\000i\000z\000a\000c\000i\000\363\000n\000\040\000d\000e\000\040\000r\000e\000p\000r\000e\000s\000e\000n\000t\000a\000c\000i\000o\000n\000e\000s\000\040\000d\000e\000\040\000b\000a\000j\000a\000\040\000d\000i\000m\000e\000n\000s\000i\000\363\000n}{section.2.1}% 19
\BOOKMARK [1][-]{section.2.2}{\376\377\000A\000n\000\341\000l\000i\000s\000i\000s\000\040\000D\000i\000s\000c\000r\000i\000m\000i\000n\000a\000n\000t\000e\000\040\000L\000i\000n\000e\000a\000l}{chapter.2}% 20
\BOOKMARK [2][-]{subsection.2.2.1}{\376\377\000F\000u\000n\000d\000a\000m\000e\000n\000t\000o\000s\000\040\000y\000\040\000c\000r\000i\000t\000e\000r\000i\000o\000\040\000d\000e\000\040\000F\000i\000s\000h\000e\000r}{section.2.2}% 21
\BOOKMARK [2][-]{subsection.2.2.2}{\376\377\000E\000x\000t\000e\000n\000s\000i\000\363\000n\000\040\000m\000u\000l\000t\000i\000c\000l\000a\000s\000e\000\040\000y\000\040\000o\000b\000t\000e\000n\000c\000i\000\363\000n\000\040\000d\000e\000\040\000e\000j\000e\000s\000\040\000d\000i\000s\000c\000r\000i\000m\000i\000n\000a\000n\000t\000e\000s}{section.2.2}% 22
\BOOKMARK [2][-]{subsection.2.2.3}{\376\377\000S\000u\000p\000u\000e\000s\000t\000o\000s\000,\000\040\000l\000i\000m\000i\000t\000a\000c\000i\000o\000n\000e\000s\000\040\000y\000\040\000c\000o\000m\000p\000a\000r\000a\000c\000i\000\363\000n\000\040\000c\000o\000n\000\040\000Q\000D\000A}{section.2.2}% 23
\BOOKMARK [2][-]{subsection.2.2.4}{\376\377\000I\000m\000p\000l\000e\000m\000e\000n\000t\000a\000c\000i\000\363\000n\000\040\000c\000o\000m\000p\000u\000t\000a\000c\000i\000o\000n\000a\000l\000\040\000y\000\040\000t\000r\000a\000t\000a\000m\000i\000e\000n\000t\000o\000\040\000d\000e\000\040\000l\000a\000\040\000s\000i\000n\000g\000u\000l\000a\000r\000i\000d\000a\000d}{section.2.2}% 24
\BOOKMARK [1][-]{section.2.3}{\376\377\000P\000r\000o\000b\000l\000e\000m\000a\000\040\000d\000e\000\040\000m\000u\000e\000s\000t\000r\000a\000s\000\040\000p\000e\000q\000u\000e\000\361\000a\000s\000\040\000\050\000S\000m\000a\000l\000l\000\040\000S\000a\000m\000p\000l\000e\000\040\000S\000i\000z\000e\000\051}{chapter.2}% 25
\BOOKMARK [1][-]{section.2.4}{\376\377\000E\000x\000p\000a\000n\000s\000i\000\363\000n\000\040\000p\000o\000l\000i\000n\000o\000m\000i\000a\000l\000\040\000y\000\040\000e\000s\000p\000a\000c\000i\000o\000s\000\040\000d\000e\000\040\000c\000a\000r\000a\000c\000t\000e\000r\000i\000s\000t\000i\000c\000a\000s}{chapter.2}% 26
\BOOKMARK [2][-]{subsection.2.4.1}{\376\377\000F\000o\000r\000m\000a\000l\000i\000z\000a\000c\000i\000\363\000n\000\040\000d\000e\000\040\000l\000a\000\040\000e\000x\000p\000a\000n\000s\000i\000\363\000n\000\040\000p\000o\000l\000i\000n\000o\000m\000i\000a\000l}{section.2.4}% 27
\BOOKMARK [2][-]{subsection.2.4.2}{\376\377\000L\000i\000m\000i\000t\000a\000c\000i\000o\000n\000e\000s\000:\000\040\000C\000r\000e\000c\000i\000m\000i\000e\000n\000t\000o\000\040\000C\000o\000m\000b\000i\000n\000a\000t\000o\000r\000i\000o\000\040\000y\000\040\000C\000o\000m\000p\000l\000e\000j\000i\000d\000a\000d}{section.2.4}% 28
\BOOKMARK [1][-]{section.2.5}{\376\377\000A\000l\000g\000o\000r\000i\000t\000m\000o\000s\000\040\000g\000e\000n\000\351\000t\000i\000c\000o\000s}{chapter.2}% 29
\BOOKMARK [2][-]{subsection.2.5.1}{\376\377\000R\000e\000p\000r\000e\000s\000e\000n\000t\000a\000c\000i\000\363\000n\000\040\000c\000r\000o\000m\000o\000s\000\363\000m\000i\000c\000a\000\040\000y\000\040\000f\000u\000n\000c\000i\000\363\000n\000\040\000d\000e\000\040\000a\000p\000t\000i\000t\000u\000d}{section.2.5}% 30
\BOOKMARK [2][-]{subsection.2.5.2}{\376\377\000C\000i\000c\000l\000o\000\040\000e\000v\000o\000l\000u\000t\000i\000v\000o\000\040\000y\000\040\000o\000p\000e\000r\000a\000d\000o\000r\000e\000s\000\040\000g\000e\000n\000\351\000t\000i\000c\000o\000s}{section.2.5}% 31
\BOOKMARK [2][-]{subsection.2.5.3}{\376\377\000A\000l\000g\000o\000r\000i\000t\000m\000o\000s\000\040\000g\000e\000n\000\351\000t\000i\000c\000o\000s\000\040\000c\000o\000m\000o\000\040\000e\000s\000t\000r\000a\000t\000e\000g\000i\000a\000\040\000w\000r\000a\000p\000p\000e\000r}{section.2.5}% 32
\BOOKMARK [1][-]{section.2.6}{\376\377\000M\000\351\000t\000o\000d\000o\000s\000\040\000k\000e\000r\000n\000e\000l\000\040\000y\000\040\000c\000l\000a\000s\000i\000f\000i\000c\000a\000d\000o\000r\000e\000s\000\040\000n\000o\000\040\000l\000i\000n\000e\000a\000l\000e\000s}{chapter.2}% 33
\BOOKMARK [2][-]{subsection.2.6.1}{\376\377\000T\000r\000u\000c\000o\000\040\000K\000e\000r\000n\000e\000l\000\040\000y\000\040\000f\000u\000n\000c\000i\000o\000n\000e\000s\000\040\000k\000e\000r\000n\000e\000l}{section.2.6}% 34
\BOOKMARK [2][-]{subsection.2.6.2}{\376\377\000K\000F\000D\000A\000\040\000y\000\040\000S\000V\000M\000\040\000c\000o\000m\000o\000\040\000e\000n\000f\000o\000q\000u\000e\000s\000\040\000n\000o\000\040\000l\000i\000n\000e\000a\000l\000e\000s\000\040\000d\000e\000\040\000r\000e\000f\000e\000r\000e\000n\000c\000i\000a}{section.2.6}% 35
\BOOKMARK [2][-]{subsection.2.6.3}{\376\377\000V\000e\000n\000t\000a\000j\000a\000s\000,\000\040\000l\000i\000m\000i\000t\000a\000c\000i\000o\000n\000e\000s\000\040\000e\000\040\000i\000n\000t\000e\000r\000p\000r\000e\000t\000a\000b\000i\000l\000i\000d\000a\000d}{section.2.6}% 36
\BOOKMARK [0][-]{chapter.3}{\376\377\000E\000s\000t\000a\000d\000o\000\040\000d\000e\000l\000\040\000a\000r\000t\000e}{}% 37
\BOOKMARK [1][-]{section.3.1}{\376\377\000V\000a\000r\000i\000a\000n\000t\000e\000s\000\040\000l\000i\000n\000e\000a\000l\000e\000s\000\040\000d\000e\000l\000\040\000a\000n\000\341\000l\000i\000s\000i\000s\000\040\000d\000i\000s\000c\000r\000i\000m\000i\000n\000a\000n\000t\000e}{chapter.3}% 38
\BOOKMARK [2][-]{subsection.3.1.1}{\376\377\000R\000e\000g\000u\000l\000a\000r\000i\000z\000e\000d\000\040\000L\000D\000A}{section.3.1}% 39
\BOOKMARK [2][-]{subsection.3.1.2}{\376\377\000L\000D\000A\000\040\000e\000n\000\040\000d\000o\000s\000\040\000e\000t\000a\000p\000a\000s}{section.3.1}% 40
\BOOKMARK [2][-]{subsection.3.1.3}{\376\377\000V\000a\000r\000i\000a\000n\000t\000e\000s\000\040\000l\000i\000n\000e\000a\000l\000e\000s\000\040\000r\000e\000l\000e\000v\000a\000n\000t\000e\000s}{section.3.1}% 41
\BOOKMARK [1][-]{section.3.2}{\376\377\000M\000\351\000t\000o\000d\000o\000s\000\040\000k\000e\000r\000n\000e\000l}{chapter.3}% 42
\BOOKMARK [2][-]{subsection.3.2.1}{\376\377\000A\000n\000\341\000l\000i\000s\000i\000s\000\040\000d\000e\000\040\000C\000o\000m\000p\000o\000n\000e\000n\000t\000e\000s\000\040\000P\000r\000i\000n\000c\000i\000p\000a\000l\000e\000s\000\040\000c\000o\000n\000\040\000K\000e\000r\000n\000e\000l\000\040\000\050\000K\000P\000C\000A\000\051\000\040}{section.3.2}% 43
\BOOKMARK [2][-]{subsection.3.2.2}{\376\377\000A\000n\000\341\000l\000i\000s\000i\000s\000\040\000D\000i\000s\000c\000r\000i\000m\000i\000n\000a\000n\000t\000e\000\040\000d\000e\000\040\000F\000i\000s\000h\000e\000r\000\040\000m\000e\000d\000i\000a\000n\000t\000e\000\040\000K\000e\000r\000n\000e\000l\000\040\000\050\000K\000F\000D\000A\000\051}{section.3.2}% 44
\BOOKMARK [2][-]{subsection.3.2.3}{\376\377\000S\000V\000M\000\040\000P\000o\000l\000i\000n\000o\000m\000i\000a\000l}{section.3.2}% 45
\BOOKMARK [2][-]{subsection.3.2.4}{\376\377\000S\000V\000M\000\040\000R\000B\000F}{section.3.2}% 46
\BOOKMARK [1][-]{section.3.3}{\376\377\000S\000e\000l\000e\000c\000c\000i\000\363\000n\000\040\000d\000e\000\040\000c\000a\000r\000a\000c\000t\000e\000r\000\355\000s\000t\000i\000c\000a\000s\000\040\000b\000a\000s\000a\000d\000a\000\040\000e\000n\000\040\000a\000l\000g\000o\000r\000i\000t\000m\000o\000s\000\040\000e\000v\000o\000l\000u\000t\000i\000v\000o\000s}{chapter.3}% 47
\BOOKMARK [2][-]{subsection.3.3.1}{\376\377\000G\000A\000\040\000p\000a\000r\000a\000\040\000s\000e\000l\000e\000c\000c\000i\000\363\000n\000\040\000d\000e\000\040\000v\000a\000r\000i\000a\000b\000l\000e\000s}{section.3.3}% 48
\BOOKMARK [2][-]{subsection.3.3.2}{\376\377\000M\000\351\000t\000o\000d\000o\000s\000\040\000h\000\355\000b\000r\000i\000d\000o\000s}{section.3.3}% 49
\BOOKMARK [2][-]{subsection.3.3.3}{\376\377\000G\000P\000D\000A}{section.3.3}% 50
\BOOKMARK [1][-]{section.3.4}{\376\377\000L\000i\000m\000i\000t\000a\000c\000i\000o\000n\000e\000s\000\040\000i\000d\000e\000n\000t\000i\000f\000i\000c\000a\000d\000a\000s}{chapter.3}% 51
\BOOKMARK [1][-]{section.3.5}{\376\377\000P\000o\000s\000i\000c\000i\000o\000n\000a\000m\000i\000e\000n\000t\000o\000\040\000d\000e\000\040\000G\000N\000L\000P\000D\000A}{chapter.3}% 52
\BOOKMARK [0][-]{chapter.4}{\376\377\000M\000e\000t\000o\000d\000o\000l\000o\000g\000\355\000a}{}% 53
\BOOKMARK [1][-]{section.4.1}{\376\377\000S\000e\000l\000e\000c\000c\000i\000\363\000n\000\040\000e\000v\000o\000l\000u\000t\000i\000v\000a\000\040\000e\000n\000\040\000d\000o\000s\000\040\000f\000a\000s\000e\000s}{chapter.4}% 54
\BOOKMARK [2][-]{subsection.4.1.1}{\376\377\000F\000a\000s\000e\000\040\000I\000:\000\040\000s\000e\000l\000e\000c\000c\000i\000\363\000n\000\040\000d\000e\000\040\000v\000a\000r\000i\000a\000b\000l\000e\000s\000\040\000o\000r\000i\000g\000i\000n\000a\000l\000e\000s}{section.4.1}% 55
\BOOKMARK [2][-]{subsection.4.1.2}{\376\377\000F\000a\000s\000e\000\040\000I\000I\000:\000\040\000s\000e\000l\000e\000c\000c\000i\000\363\000n\000\040\000d\000e\000\040\000t\000\351\000r\000m\000i\000n\000o\000s\000\040\000p\000o\000l\000i\000n\000o\000m\000i\000a\000l\000e\000s}{section.4.1}% 56
\BOOKMARK [2][-]{subsection.4.1.3}{\376\377\000S\000a\000l\000i\000d\000a\000\040\000d\000e\000l\000\040\000p\000r\000o\000c\000e\000d\000i\000m\000i\000e\000n\000t\000o\000\040\000y\000\040\000a\000j\000u\000s\000t\000e\000\040\000f\000i\000n\000a\000l\000\040\000d\000e\000\040\000L\000D\000A}{section.4.1}% 57
\BOOKMARK [1][-]{section.4.2}{\376\377\000C\000o\000n\000f\000i\000g\000u\000r\000a\000c\000i\000\363\000n\000\040\000y\000\040\000c\000a\000l\000i\000b\000r\000a\000c\000i\000\363\000n\000\040\000d\000e\000\040\000G\000N\000L\000P\000D\000A}{chapter.4}% 58
\BOOKMARK [2][-]{subsection.4.2.1}{\376\377\000C\000o\000n\000f\000i\000g\000u\000r\000a\000c\000i\000\363\000n\000\040\000d\000e\000l\000\040\000a\000l\000g\000o\000r\000i\000t\000m\000o\000\040\000g\000e\000n\000\351\000t\000i\000c\000o\000.}{section.4.2}% 59
\BOOKMARK [1][-]{section.4.3}{\376\377\000C\000o\000n\000f\000i\000g\000u\000r\000a\000c\000i\000\363\000n\000\040\000y\000\040\000c\000a\000l\000i\000b\000r\000a\000c\000i\000\363\000n\000\040\000d\000e\000\040\000l\000o\000s\000\040\000p\000a\000r\000\341\000m\000e\000t\000r\000o\000s\000\040\000d\000e\000\040\000G\000N\000L\000P\000D\000A}{chapter.4}% 60
\BOOKMARK [1][-]{section.4.4}{\376\377\000D\000i\000s\000e\000\361\000o\000\040\000e\000x\000p\000e\000r\000i\000m\000e\000n\000t\000a\000l}{chapter.4}% 61
\BOOKMARK [2][-]{subsection.4.4.1}{\376\377\000C\000o\000n\000j\000u\000n\000t\000o\000s\000\040\000d\000e\000\040\000d\000a\000t\000o\000s\000\040\000u\000t\000i\000l\000i\000z\000a\000d\000o\000s}{section.4.4}% 62
\BOOKMARK [2][-]{subsection.4.4.2}{\376\377\000G\000e\000n\000e\000r\000a\000c\000i\000\363\000n\000\040\000d\000e\000\040\000c\000o\000n\000j\000u\000n\000t\000o\000s\000\040\000s\000i\000n\000t\000\351\000t\000i\000c\000o\000s\000\040\000t\000i\000p\000o\000\040\000C\000e\000b\000o\000l\000l\000a}{section.4.4}% 63
\BOOKMARK [2][-]{subsection.4.4.3}{\376\377\000M\000\351\000t\000o\000d\000o\000s\000\040\000c\000o\000m\000p\000a\000r\000a\000t\000i\000v\000o\000s\000\040\000y\000\040\000m\000\351\000t\000r\000i\000c\000a\000\040\000d\000e\000\040\000e\000v\000a\000l\000u\000a\000c\000i\000\363\000n}{section.4.4}% 64
\BOOKMARK [2][-]{subsection.4.4.4}{\376\377\000P\000r\000o\000t\000o\000c\000o\000l\000o\000\040\000d\000e\000\040\000p\000a\000r\000t\000i\000c\000i\000o\000n\000a\000m\000i\000e\000n\000t\000o\000\040\000y\000\040\000e\000v\000a\000l\000u\000a\000c\000i\000\363\000n}{section.4.4}% 65
\BOOKMARK [2][-]{subsection.4.4.5}{\376\377\000E\000v\000a\000l\000u\000a\000c\000i\000\363\000n\000\040\000a\000u\000x\000i\000l\000i\000a\000r\000\040\000d\000e\000l\000\040\000p\000r\000o\000b\000l\000e\000m\000a\000\040\000S\000m\000a\000l\000l\000\040\000S\000a\000m\000p\000l\000e\000\040\000S\000i\000z\000e}{section.4.4}% 66
\BOOKMARK [2][-]{subsection.4.4.6}{\376\377\000A\000n\000\341\000l\000i\000s\000i\000s\000\040\000e\000s\000t\000a\000d\000\355\000s\000t\000i\000c\000o\000\040\000d\000e\000\040\000r\000e\000s\000u\000l\000t\000a\000d\000o\000s}{section.4.4}% 67
\BOOKMARK [0][-]{chapter.5}{\376\377\000R\000e\000s\000u\000l\000t\000a\000d\000o\000s}{}% 68
\BOOKMARK [1][-]{section.5.1}{\376\377\000R\000e\000s\000u\000l\000t\000a\000d\000o\000s\000\040\000d\000e\000l\000\040\000p\000r\000o\000b\000l\000e\000m\000a\000\040\000d\000e\000\040\000m\000u\000e\000s\000t\000r\000a\000s\000\040\000p\000e\000q\000u\000e\000\361\000a\000s\000\040\000\050\000S\000S\000S\000\051}{chapter.5}% 69
\BOOKMARK [2][-]{subsection.5.1.1}{\376\377\000C\000a\000s\000o\000\040\0001}{section.5.1}% 70
\BOOKMARK [2][-]{subsection.5.1.2}{\376\377\000C\000a\000s\000o\000\040\0002}{section.5.1}% 71
\BOOKMARK [2][-]{subsection.5.1.3}{\376\377\000C\000a\000s\000o\000\040\0003}{section.5.1}% 72
\BOOKMARK [2][-]{subsection.5.1.4}{\376\377\000C\000a\000s\000o\000\040\0004}{section.5.1}% 73
\BOOKMARK [2][-]{subsection.5.1.5}{\376\377\000C\000a\000s\000o\000\040\0005}{section.5.1}% 74
\BOOKMARK [1][-]{section.5.2}{\376\377\000R\000e\000s\000u\000l\000t\000a\000d\000o\000s\000\040\000p\000o\000r\000\040\000c\000o\000n\000j\000u\000n\000t\000o\000\040\000d\000e\000\040\000d\000a\000t\000o\000s}{chapter.5}% 75
\BOOKMARK [2][-]{subsection.5.2.1}{\376\377\000P\000a\000l\000m\000e\000r\000\040\000P\000e\000n\000g\000u\000i\000n\000s}{section.5.2}% 76
\BOOKMARK [2][-]{subsection.5.2.2}{\376\377\000W\000i\000n\000e\000s}{section.5.2}% 77
\BOOKMARK [2][-]{subsection.5.2.3}{\376\377\000C\000a\000n\000c\000e\000r\000\040\000W\000i\000s\000c\000o\000n\000s\000i\000n}{section.5.2}% 78
\BOOKMARK [2][-]{subsection.5.2.4}{\376\377\000I\000o\000n\000o\000s\000f\000e\000r\000a}{section.5.2}% 79
\BOOKMARK [2][-]{subsection.5.2.5}{\376\377\000C\000e\000b\000o\000l\000l\000a\000\040\0003\000D}{section.5.2}% 80
\BOOKMARK [2][-]{subsection.5.2.6}{\376\377\000C\000e\000b\000o\000l\000l\000a\000\040\0001\0000\000D}{section.5.2}% 81
\BOOKMARK [2][-]{subsection.5.2.7}{\376\377\000C\000e\000b\000o\000l\000l\000a\000\040\0002\0000\000D}{section.5.2}% 82
\BOOKMARK [2][-]{subsection.5.2.8}{\376\377\000P\000i\000m\000a\000\040\000d\000i\000a\000b\000e\000t\000e\000s}{section.5.2}% 83
\BOOKMARK [2][-]{subsection.5.2.9}{\376\377\000I\000n\000d\000i\000c\000a\000d\000o\000r\000e\000s\000\040\0002\0000\0001\0005}{section.5.2}% 84
\BOOKMARK [2][-]{subsection.5.2.10}{\376\377\000I\000n\000d\000i\000c\000a\000d\000o\000r\000e\000s\000\040\0002\0000\0002\0000}{section.5.2}% 85
\BOOKMARK [0][-]{chapter.6}{\376\377\000D\000i\000s\000c\000u\000s\000i\000\363\000n}{}% 86
\BOOKMARK [1][-]{section.6.1}{\376\377\000E\000x\000p\000a\000n\000s\000i\000\363\000n\000\040\000p\000o\000l\000i\000n\000o\000m\000i\000a\000l\000\040\000y\000\040\000s\000e\000p\000a\000r\000a\000b\000i\000l\000i\000d\000a\000d\000\040\000d\000e\000\040\000l\000o\000s\000\040\000d\000a\000t\000o\000s}{chapter.6}% 87
\BOOKMARK [1][-]{section.6.2}{\376\377\000C\000o\000m\000p\000o\000r\000t\000a\000m\000i\000e\000n\000t\000o\000\040\000f\000r\000e\000n\000t\000e\000\040\000a\000l\000\040\000p\000r\000o\000b\000l\000e\000m\000a\000\040\000S\000m\000a\000l\000l\000\040\000S\000a\000m\000p\000l\000e\000\040\000S\000i\000z\000e}{chapter.6}% 88
\BOOKMARK [1][-]{section.6.3}{\376\377\000C\000o\000m\000p\000a\000r\000a\000c\000i\000\363\000n\000\040\000c\000o\000n\000\040\000l\000o\000s\000\040\000m\000\351\000t\000o\000d\000o\000s\000\040\000e\000v\000a\000l\000u\000a\000d\000o\000s}{chapter.6}% 89
\BOOKMARK [1][-]{section.6.4}{\376\377\000I\000n\000t\000e\000r\000p\000r\000e\000t\000a\000c\000i\000\363\000n\000\040\000g\000e\000n\000e\000r\000a\000l\000\040\000d\000e\000\040\000l\000a\000\040\000p\000r\000o\000p\000u\000e\000s\000t\000a}{chapter.6}% 90
\BOOKMARK [0][-]{chapter.7}{\376\377\000C\000o\000n\000c\000l\000u\000s\000i\000o\000n\000e\000s}{}% 91
